Archive member included to satisfy reference by file (symbol)

libc.a(stdio.o)               hello.o (printf)
libc.a(start.o)               (_start)
libc.a(init.o)                libc.a(start.o) (__init)
libc.a(mem_alloc.o)           hello.o (head)
libc.a(console.o)             libc.a(stdio.o) (Console::vprintf(char const*, char*))
libc.a(console_kernel.o)      libc.a(stdio.o) (vtable for Console_kernel)

Allocating common symbols
Common symbol       size              file

uninitialized_var   0x4               hello.o

Discarded input sections

 .group         0x0000000000000000        0x8 hello.o
 .group         0x0000000000000000        0x8 hello.o
 .text          0x0000000000000000      0x1c3 hello.o
 .bss           0x0000000000000000        0x4 hello.o
 .text.__x86.get_pc_thunk.di
                0x0000000000000000        0x4 hello.o
 .note.GNU-stack
                0x0000000000000000        0x0 hello.o
 .eh_frame      0x0000000000000000      0x13c hello.o
 .group         0x0000000000000000        0x8 libc.a(stdio.o)
 .group         0x0000000000000000        0x8 libc.a(stdio.o)
 .group         0x0000000000000000        0x8 libc.a(stdio.o)
 .data          0x0000000000000000        0x0 libc.a(stdio.o)
 .text.unlikely
                0x0000000000000000        0x2 libc.a(stdio.o)
 .text.__x86.get_pc_thunk.bx
                0x0000000000000000        0x4 libc.a(stdio.o)
 .note.GNU-stack
                0x0000000000000000        0x0 libc.a(stdio.o)
 .eh_frame      0x0000000000000000       0xf4 libc.a(stdio.o)
 .data          0x0000000000000000        0x0 libc.a(start.o)
 .bss           0x0000000000000000        0x0 libc.a(start.o)
 .group         0x0000000000000000        0x8 libc.a(init.o)
 .data          0x0000000000000000        0x0 libc.a(init.o)
 .bss           0x0000000000000000        0x0 libc.a(init.o)
 .note.GNU-stack
                0x0000000000000000        0x0 libc.a(init.o)
 .eh_frame      0x0000000000000000       0x68 libc.a(init.o)
 .group         0x0000000000000000        0x8 libc.a(mem_alloc.o)
 .text          0x0000000000000000      0x1c6 libc.a(mem_alloc.o)
 .data          0x0000000000000000        0x0 libc.a(mem_alloc.o)
 .bss           0x0000000000000000        0x8 libc.a(mem_alloc.o)
 .text.__x86.get_pc_thunk.di
                0x0000000000000000        0x4 libc.a(mem_alloc.o)
 .debug_info    0x0000000000000000      0x3b0 libc.a(mem_alloc.o)
 .debug_abbrev  0x0000000000000000      0x1e2 libc.a(mem_alloc.o)
 .debug_loc     0x0000000000000000      0x283 libc.a(mem_alloc.o)
 .debug_aranges
                0x0000000000000000       0x20 libc.a(mem_alloc.o)
 .debug_ranges  0x0000000000000000       0x30 libc.a(mem_alloc.o)
 .debug_line    0x0000000000000000       0xc4 libc.a(mem_alloc.o)
 .debug_str     0x0000000000000000      0x1ed libc.a(mem_alloc.o)
 .comment       0x0000000000000000       0x2c libc.a(mem_alloc.o)
 .note.GNU-stack
                0x0000000000000000        0x0 libc.a(mem_alloc.o)
 .eh_frame      0x0000000000000000       0xf0 libc.a(mem_alloc.o)
 .group         0x0000000000000000        0x8 libc.a(console.o)
 .group         0x0000000000000000        0x8 libc.a(console.o)
 .data          0x0000000000000000        0x0 libc.a(console.o)
 .bss           0x0000000000000000        0x0 libc.a(console.o)
 .text.__x86.get_pc_thunk.ax
                0x0000000000000000        0x4 libc.a(console.o)
 .text.__x86.get_pc_thunk.bp
                0x0000000000000000        0x4 libc.a(console.o)
 .note.GNU-stack
                0x0000000000000000        0x0 libc.a(console.o)
 .eh_frame      0x0000000000000000      0x1b0 libc.a(console.o)
 .group         0x0000000000000000        0xc libc.a(console_kernel.o)
 .data          0x0000000000000000        0x0 libc.a(console_kernel.o)
 .bss           0x0000000000000000        0x0 libc.a(console_kernel.o)
 .note.GNU-stack
                0x0000000000000000        0x0 libc.a(console_kernel.o)
 .eh_frame      0x0000000000000000       0x54 libc.a(console_kernel.o)

Memory Configuration

Name             Origin             Length             Attributes
*default*        0x0000000000000000 0xffffffffffffffff

Linker script and memory map

                0x0000000000002000                . = 0x2000
                0x0000000000002000                stack_top = .
                0x0000000000002074                . = (. + SIZEOF_HEADERS)

.data           0x0000000000002074     0x137c
                0x0000000000002074        0x1 BYTE 0x42
 *(.rodata*)
 .rodata.str1.1
                0x0000000000002075       0x2f hello.o
 .rodata.str1.4
                0x00000000000020a4       0x3c hello.o
                                         0x39 (size before relaxing)
 .rodata.str1.1
                0x00000000000020e0        0x4 libc.a(stdio.o)
 .rodata.str1.1
                0x00000000000020e4       0x11 libc.a(console.o)
 *fill*         0x00000000000020f5        0x3 
 .rodata        0x00000000000020f8     0x12e8 libc.a(console.o)
 *(.data*)
 .data          0x00000000000033e0        0x4 hello.o
                0x00000000000033e0                initialized_var
 .data.rel.ro   0x00000000000033e4        0x0 hello.o
 .data.rel.ro.local._ZTV14Console_kernel
                0x00000000000033e4        0xc libc.a(console_kernel.o)
                0x00000000000033e4                vtable for Console_kernel

.dynamic        0x00000000000033f0       0xa0
 .dynamic       0x00000000000033f0       0xa0 hello.o
                0x00000000000033f0                _DYNAMIC

.got            0x0000000000003490        0x0
 .got           0x0000000000003490        0x0 hello.o

.got.plt        0x0000000000003490        0xc
 .got.plt       0x0000000000003490        0xc hello.o
                0x0000000000003490                _GLOBAL_OFFSET_TABLE_

.bss            0x00000000000034a0       0x94
 *(.bss*)
 .bss           0x00000000000034a0       0x90 libc.a(stdio.o)
                0x00000000000034a0                printf_lock
                0x00000000000034c0                console
 COMMON         0x0000000000003530        0x4 hello.o
                0x0000000000003530                uninitialized_var

.dynbss         0x0000000000003534        0x0
 .dynbss        0x0000000000003534        0x0 hello.o
                0x0000000000004000                . = ALIGN (0x1000)

.text           0x0000000000004000      0xadc
 *(.text*)
 .text.startup  0x0000000000004000       0xc5 hello.o
                0x0000000000004000                main
 .text.__x86.get_pc_thunk.bx
                0x00000000000040c5        0x4 hello.o
                0x00000000000040c5                __x86.get_pc_thunk.bx
 *fill*         0x00000000000040c9        0x7 
 .text          0x00000000000040d0       0xa1 libc.a(stdio.o)
                0x00000000000040d0                panic
                0x0000000000004110                printf
                0x0000000000004150                puts
 *fill*         0x0000000000004171        0xf 
 .text._ZN8Spinlock4lockEv
                0x0000000000004180       0x19 libc.a(stdio.o)
                0x0000000000004180                Spinlock::lock()
 *fill*         0x0000000000004199        0x7 
 .text.startup  0x00000000000041a0       0x2a libc.a(stdio.o)
 .text.__x86.get_pc_thunk.ax
                0x00000000000041ca        0x4 libc.a(stdio.o)
                0x00000000000041ca                __x86.get_pc_thunk.ax
 .text          0x00000000000041ce       0x11 libc.a(start.o)
                0x00000000000041ce                _start
 *fill*         0x00000000000041df        0x1 
 .text          0x00000000000041e0       0x7a libc.a(init.o)
                0x00000000000041e0                __init
 .text.__x86.get_pc_thunk.bp
                0x000000000000425a        0x4 libc.a(init.o)
                0x000000000000425a                __x86.get_pc_thunk.bp
 *fill*         0x000000000000425e        0x2 
 .text          0x0000000000004260      0x82f libc.a(console.o)
                0x0000000000004260                Console::print_number(unsigned long long, unsigned int, unsigned int, unsigned int)
                0x0000000000004430                Console::vprintf(char const*, char*)
 *fill*         0x0000000000004a8f        0x1 
 .text          0x0000000000004a90       0x4c libc.a(console_kernel.o)
                0x0000000000004a90                Console_kernel::putc(int)

.plt            0x0000000000004ae0        0x0
 .plt           0x0000000000004ae0        0x0 hello.o

.plt.got        0x0000000000004ae0        0x0
 .plt.got       0x0000000000004ae0        0x0 hello.o

.interp         0x0000000000004adc       0x13
 .interp        0x0000000000004adc       0x13 hello.o

.gnu.version_d  0x0000000000004af0        0x0
 .gnu.version_d
                0x0000000000004af0        0x0 hello.o

.gnu.version    0x0000000000004af0        0x0
 .gnu.version   0x0000000000004af0        0x0 hello.o

.gnu.version_r  0x0000000000004af0        0x0
 .gnu.version_r
                0x0000000000004af0        0x0 hello.o

.dynsym         0x0000000000004af0       0x10
 .dynsym        0x0000000000004af0       0x10 hello.o

.dynstr         0x0000000000004b00        0x1
 .dynstr        0x0000000000004b00        0x1 hello.o

.gnu.hash       0x0000000000004b04       0x18
 .gnu.hash      0x0000000000004b04       0x18 hello.o

.eh_frame       0x0000000000004b1c        0x0
 .eh_frame      0x0000000000004b1c        0x0 hello.o
 .eh_frame      0x0000000000004b1c        0x0 hello.o

.eh_frame_hdr   0x0000000000004b1c        0x0
 .eh_frame_hdr  0x0000000000004b1c        0x0 hello.o

.rel.dyn        0x0000000000004b1c       0x48
 .rel.plt       0x0000000000004b1c        0x0 hello.o
 .rel.got       0x0000000000004b1c        0x0 hello.o
 .rel.bss       0x0000000000004b1c        0x0 hello.o
 .rel.data.rel.ro
                0x0000000000004b1c        0x0 hello.o
 .rel.ifunc     0x0000000000004b1c        0x0 hello.o
 .rel.text.startup
                0x0000000000004b1c       0x28 hello.o
 .rel.text      0x0000000000004b44       0x10 hello.o
 .rel.init_array.00101
                0x0000000000004b54        0x8 hello.o
 .rel.data.rel.ro.local._ZTV14Console_kernel
                0x0000000000004b5c        0x8 hello.o

.init_array     0x0000000000004b64      0x49c
                0x0000000000004b64                PROVIDE (CTORS_L = .)
 *(.init_array.65534 .ctors.00001)
                0x0000000000004b64                PROVIDE (CTORS_G = .)
 *(.init_array.* .ctors.*)
 .init_array.00101
                0x0000000000004b64        0x4 libc.a(stdio.o)
 *(.init_array .ctors)
                0x0000000000004b68                PROVIDE (CTORS_E = .)
                0x0000000000005000                . = ALIGN (0x1000)
 *fill*         0x0000000000004b68      0x498 

.stab
 *(.stab)

.stabstr
 *(.stabstr)

.stab.excl
 *(.stab.excl)

.stab.exclstr
 *(.stab.exclstr)

.stab.index
 *(.stab.index)

.stab.indexstr
 *(.stab.indexstr)

.comment        0x0000000000000000       0x4e
 *(.comment)
 .comment       0x0000000000000000       0x2b hello.o
                                         0x2c (size before relaxing)
 .comment       0x000000000000002b       0x23 libc.a(stdio.o)
                                         0x24 (size before relaxing)
 .comment       0x000000000000004e       0x24 libc.a(init.o)
 .comment       0x000000000000004e       0x24 libc.a(console.o)
 .comment       0x000000000000004e       0x24 libc.a(console_kernel.o)

.debug
 *(.debug)

.line
 *(.line)

.debug_srcinfo
 *(.debug_srcinfo)

.debug_sfnames
 *(.debug_sfnames)

.debug_aranges  0x0000000000000000       0xe0
 *(.debug_aranges)
 .debug_aranges
                0x0000000000000000       0x28 hello.o
 .debug_aranges
                0x0000000000000028       0x38 libc.a(stdio.o)
 .debug_aranges
                0x0000000000000060       0x20 libc.a(start.o)
 .debug_aranges
                0x0000000000000080       0x20 libc.a(init.o)
 .debug_aranges
                0x00000000000000a0       0x20 libc.a(console.o)
 .debug_aranges
                0x00000000000000c0       0x20 libc.a(console_kernel.o)

.debug_pubnames
 *(.debug_pubnames)

.debug_info     0x0000000000000000     0x17b8
 *(.debug_info .gnu.linkonce.wi.*)
 .debug_info    0x0000000000000000      0x54d hello.o
 .debug_info    0x000000000000054d      0x7ed libc.a(stdio.o)
 .debug_info    0x0000000000000d3a       0x26 libc.a(start.o)
 .debug_info    0x0000000000000d60      0x1d3 libc.a(init.o)
 .debug_info    0x0000000000000f33      0x54b libc.a(console.o)
 .debug_info    0x000000000000147e      0x33a libc.a(console_kernel.o)

.debug_abbrev   0x0000000000000000      0xc06
 *(.debug_abbrev)
 .debug_abbrev  0x0000000000000000      0x212 hello.o
 .debug_abbrev  0x0000000000000212      0x426 libc.a(stdio.o)
 .debug_abbrev  0x0000000000000638       0x14 libc.a(start.o)
 .debug_abbrev  0x000000000000064c      0x114 libc.a(init.o)
 .debug_abbrev  0x0000000000000760      0x2bb libc.a(console.o)
 .debug_abbrev  0x0000000000000a1b      0x1eb libc.a(console_kernel.o)

.debug_line     0x0000000000000000      0xad2
 *(.debug_line .debug_line.* .debug_line_end)
 .debug_line    0x0000000000000000      0x123 hello.o
 .debug_line    0x0000000000000123      0x1ed libc.a(stdio.o)
 .debug_line    0x0000000000000310       0x3c libc.a(start.o)
 .debug_line    0x000000000000034c       0xe6 libc.a(init.o)
 .debug_line    0x0000000000000432      0x5aa libc.a(console.o)
 .debug_line    0x00000000000009dc       0xf6 libc.a(console_kernel.o)

.debug_frame
 *(.debug_frame)

.debug_str      0x0000000000000000      0x7de
 *(.debug_str)
 .debug_str     0x0000000000000000      0x16d hello.o
                                        0x1b6 (size before relaxing)
 .debug_str     0x000000000000016d      0x4e2 libc.a(stdio.o)
                                        0x598 (size before relaxing)
 .debug_str     0x000000000000064f       0x18 libc.a(start.o)
                                         0x40 (size before relaxing)
 .debug_str     0x0000000000000667       0x8a libc.a(init.o)
                                        0x1ec (size before relaxing)
 .debug_str     0x00000000000006f1       0x94 libc.a(console.o)
                                        0x2eb (size before relaxing)
 .debug_str     0x0000000000000785       0x59 libc.a(console_kernel.o)
                                        0x2c6 (size before relaxing)

.debug_loc      0x0000000000000000     0x134d
 *(.debug_loc)
 .debug_loc     0x0000000000000000      0x328 hello.o
 .debug_loc     0x0000000000000328      0x16f libc.a(stdio.o)
 .debug_loc     0x0000000000000497       0x2a libc.a(init.o)
 .debug_loc     0x00000000000004c1      0xdd3 libc.a(console.o)
 .debug_loc     0x0000000000001294       0xb9 libc.a(console_kernel.o)

.debug_macinfo
 *(.debug_macinfo)

.debug_weaknames
 *(.debug_weaknames)

.debug_funcnames
 *(.debug_funcnames)

.debug_typenames
 *(.debug_typenames)

.debug_varnames
 *(.debug_varnames)

.debug_pubtypes
 *(.debug_pubtypes)

.debug_ranges   0x0000000000000000      0x240
 *(.debug_ranges)
 .debug_ranges  0x0000000000000000       0xb8 hello.o
 .debug_ranges  0x00000000000000b8       0x70 libc.a(stdio.o)
 .debug_ranges  0x0000000000000128       0x30 libc.a(init.o)
 .debug_ranges  0x0000000000000158       0xb8 libc.a(console.o)
 .debug_ranges  0x0000000000000210       0x30 libc.a(console_kernel.o)

.debug_macro
 *(.debug_macro)

.debug_addr
 *(.debug_addr)

.gnu.attributes
 *(.gnu.attributes)

/DISCARD/
 *(.note.GNU-stack)
 *(.gnu_debuglink)
 *(.gnu.lto_*)
LOAD hello.o
LOAD libc.a
OUTPUT(hello elf32-i386)
