<html>
<body>
<pre>
<h1>µVision Build Log</h1>
<h2>Project:</h2>
C:\Users\kolom\OneDrive\codes\NVS\Demo_Led_blik4_Simul_Keil_4_F100\Demo_Led_blik4\LED_BLIK.uvproj
Project File Date:  09/30/2020

<h2>Output:</h2>
Build target 'STM32F1xx'
linking...
Program Size: Code=256 RO-data=236 RW-data=0 ZI-data=512  
FromELF: creating hex file...
".\Blik1.axf" - 0 Error(s), 0 Warning(s).
Load "C:\\Users\\kolom\\OneDrive\\codes\\NVS\\Demo_Led_blik4_Simul_Keil_4_F100\\Demo_Led_blik4\\Blik1.axf" 
Erase Failed!
Error: Flash Download failed  -  "Cortex-M3"
