<html>
<body>
<pre>
<h1>µVision Build Log</h1>
<h2>Project:</h2>
C:\Users\kolom\OneDrive\codes\NVS\LED_TLC_upr_demo\LED_TLC\LED_TLC.uvproj
Project File Date:  10/12/2020

<h2>Output:</h2>
Rebuild target 'STM32F1xx'
assembling STM32F10x.s...
assembling LED_TLC.asm...
linking...
Program Size: Code=620 RO-data=236 RW-data=0 ZI-data=512  
".\LED_TLC.axf" - 0 Error(s), 0 Warning(s).
Load "C:\\Users\\kolom\\OneDrive\\codes\\NVS\\LED_TLC_upr_demo\\LED_TLC\\LED_TLC.axf" 
Erase Done.
Programming Done.
Verify OK.
</pre>
</body>
</html>
g(s).
Target not created
mming Done.
Verify OK.
