------------------------------------------------------------
TimeQuest Timing Analyzer Summary
------------------------------------------------------------

Type  : Slow 1200mV 85C Model Setup 'CLOCK_50'
Slack : 16.656
TNS   : 0.000

Type  : Slow 1200mV 85C Model Setup 'inst8|inst_de2beeper|b2v_inst_clockGenrator|audioPllClockGen|altpll_component|pll|clk[0]'
Slack : 51.187
TNS   : 0.000

Type  : Slow 1200mV 85C Model Hold 'CLOCK_50'
Slack : 0.402
TNS   : 0.000

Type  : Slow 1200mV 85C Model Hold 'inst8|inst_de2beeper|b2v_inst_clockGenrator|audioPllClockGen|altpll_component|pll|clk[0]'
Slack : 0.641
TNS   : 0.000

Type  : Slow 1200mV 85C Model Recovery 'inst8|inst_de2beeper|b2v_inst_clockGenrator|audioPllClockGen|altpll_component|pll|clk[0]'
Slack : -4.468
TNS   : -40.212

Type  : Slow 1200mV 85C Model Removal 'inst8|inst_de2beeper|b2v_inst_clockGenrator|audioPllClockGen|altpll_component|pll|clk[0]'
Slack : 3.798
TNS   : 0.000

Type  : Slow 1200mV 85C Model Minimum Pulse Width 'CLOCK_50'
Slack : 9.645
TNS   : 0.000

Type  : Slow 1200mV 85C Model Minimum Pulse Width 'inst8|inst_de2beeper|b2v_inst_clockGenrator|audioPllClockGen|altpll_component|pll|clk[0]'
Slack : 26.835
TNS   : 0.000

Type  : Slow 1200mV 0C Model Setup 'CLOCK_50'
Slack : 17.015
TNS   : 0.000

Type  : Slow 1200mV 0C Model Setup 'inst8|inst_de2beeper|b2v_inst_clockGenrator|audioPllClockGen|altpll_component|pll|clk[0]'
Slack : 51.459
TNS   : 0.000

Type  : Slow 1200mV 0C Model Hold 'CLOCK_50'
Slack : 0.353
TNS   : 0.000

Type  : Slow 1200mV 0C Model Hold 'inst8|inst_de2beeper|b2v_inst_clockGenrator|audioPllClockGen|altpll_component|pll|clk[0]'
Slack : 0.587
TNS   : 0.000

Type  : Slow 1200mV 0C Model Recovery 'inst8|inst_de2beeper|b2v_inst_clockGenrator|audioPllClockGen|altpll_component|pll|clk[0]'
Slack : -3.905
TNS   : -35.145

Type  : Slow 1200mV 0C Model Removal 'inst8|inst_de2beeper|b2v_inst_clockGenrator|audioPllClockGen|altpll_component|pll|clk[0]'
Slack : 3.355
TNS   : 0.000

Type  : Slow 1200mV 0C Model Minimum Pulse Width 'CLOCK_50'
Slack : 9.636
TNS   : 0.000

Type  : Slow 1200mV 0C Model Minimum Pulse Width 'inst8|inst_de2beeper|b2v_inst_clockGenrator|audioPllClockGen|altpll_component|pll|clk[0]'
Slack : 26.836
TNS   : 0.000

Type  : Fast 1200mV 0C Model Setup 'CLOCK_50'
Slack : 18.358
TNS   : 0.000

Type  : Fast 1200mV 0C Model Setup 'inst8|inst_de2beeper|b2v_inst_clockGenrator|audioPllClockGen|altpll_component|pll|clk[0]'
Slack : 52.822
TNS   : 0.000

Type  : Fast 1200mV 0C Model Hold 'CLOCK_50'
Slack : 0.180
TNS   : 0.000

Type  : Fast 1200mV 0C Model Hold 'inst8|inst_de2beeper|b2v_inst_clockGenrator|audioPllClockGen|altpll_component|pll|clk[0]'
Slack : 0.293
TNS   : 0.000

Type  : Fast 1200mV 0C Model Recovery 'inst8|inst_de2beeper|b2v_inst_clockGenrator|audioPllClockGen|altpll_component|pll|clk[0]'
Slack : -2.268
TNS   : -20.412

Type  : Fast 1200mV 0C Model Removal 'inst8|inst_de2beeper|b2v_inst_clockGenrator|audioPllClockGen|altpll_component|pll|clk[0]'
Slack : 2.019
TNS   : 0.000

Type  : Fast 1200mV 0C Model Minimum Pulse Width 'CLOCK_50'
Slack : 9.266
TNS   : 0.000

Type  : Fast 1200mV 0C Model Minimum Pulse Width 'inst8|inst_de2beeper|b2v_inst_clockGenrator|audioPllClockGen|altpll_component|pll|clk[0]'
Slack : 26.906
TNS   : 0.000

------------------------------------------------------------
