------------------------------------------------------------
TimeQuest Timing Analyzer Summary
------------------------------------------------------------

Type  : Slow 1200mV 85C Model Setup 'inst|ipll|altpll_component|auto_generated|pll1|clk[0]'
Slack : 7.521
TNS   : 0.000

Type  : Slow 1200mV 85C Model Hold 'inst|ipll|altpll_component|auto_generated|pll1|clk[0]'
Slack : 0.403
TNS   : 0.000

Type  : Slow 1200mV 85C Model Minimum Pulse Width 'CLOCK_50'
Slack : 9.819
TNS   : 0.000

Type  : Slow 1200mV 85C Model Minimum Pulse Width 'inst|ipll|altpll_component|auto_generated|pll1|clk[0]'
Slack : 12.115
TNS   : 0.000

Type  : Slow 1200mV 0C Model Setup 'inst|ipll|altpll_component|auto_generated|pll1|clk[0]'
Slack : 9.175
TNS   : 0.000

Type  : Slow 1200mV 0C Model Hold 'inst|ipll|altpll_component|auto_generated|pll1|clk[0]'
Slack : 0.355
TNS   : 0.000

Type  : Slow 1200mV 0C Model Minimum Pulse Width 'CLOCK_50'
Slack : 9.799
TNS   : 0.000

Type  : Slow 1200mV 0C Model Minimum Pulse Width 'inst|ipll|altpll_component|auto_generated|pll1|clk[0]'
Slack : 12.141
TNS   : 0.000

Type  : Fast 1200mV 0C Model Setup 'inst|ipll|altpll_component|auto_generated|pll1|clk[0]'
Slack : 16.224
TNS   : 0.000

Type  : Fast 1200mV 0C Model Hold 'inst|ipll|altpll_component|auto_generated|pll1|clk[0]'
Slack : 0.178
TNS   : 0.000

Type  : Fast 1200mV 0C Model Minimum Pulse Width 'CLOCK_50'
Slack : 9.400
TNS   : 0.000

Type  : Fast 1200mV 0C Model Minimum Pulse Width 'inst|ipll|altpll_component|auto_generated|pll1|clk[0]'
Slack : 12.325
TNS   : 0.000

------------------------------------------------------------
