------------------------------------------------------------
TimeQuest Timing Analyzer Summary
------------------------------------------------------------

Type  : Slow 1200mV 85C Model Setup 'inst|ipll|altpll_component|auto_generated|pll1|clk[0]'
Slack : 17.324
TNS   : 0.000

Type  : Slow 1200mV 85C Model Hold 'inst|ipll|altpll_component|auto_generated|pll1|clk[0]'
Slack : 0.406
TNS   : 0.000

Type  : Slow 1200mV 85C Model Minimum Pulse Width 'CLOCK_50'
Slack : 9.819
TNS   : 0.000

Type  : Slow 1200mV 85C Model Minimum Pulse Width 'inst|ipll|altpll_component|auto_generated|pll1|clk[0]'
Slack : 12.296
TNS   : 0.000

Type  : Slow 1200mV 0C Model Setup 'inst|ipll|altpll_component|auto_generated|pll1|clk[0]'
Slack : 18.003
TNS   : 0.000

Type  : Slow 1200mV 0C Model Hold 'inst|ipll|altpll_component|auto_generated|pll1|clk[0]'
Slack : 0.357
TNS   : 0.000

Type  : Slow 1200mV 0C Model Minimum Pulse Width 'CLOCK_50'
Slack : 9.799
TNS   : 0.000

Type  : Slow 1200mV 0C Model Minimum Pulse Width 'inst|ipll|altpll_component|auto_generated|pll1|clk[0]'
Slack : 12.307
TNS   : 0.000

Type  : Fast 1200mV 0C Model Setup 'inst|ipll|altpll_component|auto_generated|pll1|clk[0]'
Slack : 21.301
TNS   : 0.000

Type  : Fast 1200mV 0C Model Hold 'inst|ipll|altpll_component|auto_generated|pll1|clk[0]'
Slack : 0.181
TNS   : 0.000

Type  : Fast 1200mV 0C Model Minimum Pulse Width 'CLOCK_50'
Slack : 9.400
TNS   : 0.000

Type  : Fast 1200mV 0C Model Minimum Pulse Width 'inst|ipll|altpll_component|auto_generated|pll1|clk[0]'
Slack : 12.327
TNS   : 0.000

------------------------------------------------------------
