<html>
<body>
<pre>
<h1>µVision Build Log</h1>
<h2>Project:</h2>
D:\codes\LED_TLC_upr\LED_TLC\LED_TLC.uvproj
Project File Date:  10/05/2020

<h2>Output:</h2>
Rebuild target 'STM32F1xx'
assembling STM32F10x.s...
assembling LED_TLC.asm...
linking...
Program Size: Code=340 RO-data=236 RW-data=0 ZI-data=512  
".\LED_TLC.axf" - 0 Error(s), 0 Warning(s).
Load "D:\\codes\\LED_TLC_upr\\LED_TLC\\LED_TLC.axf" 
Erase Done.
Programming Done.
Verify OK.
</pre>
</body>
</html>
ft by 0-23 or duplicated in all, odd or even bytes
".\LED_TLC.axf" - 2 Error(s), 0 Warning(s).
Target not created
Load "D:\\codes\\LED_TLC_upr\\LED_TLC\\LED_TLC.axf" 
_____^
*** error 56: cannot open file
Error: Flash Download failed  -  Could not load file 'D:\codes\LED_TLC_upr\LED_TLC\LED_TLC.axf'
