Archive member included to satisfy reference by file (symbol)

libc.a(stdio.o)               hello.o (printf)
libc.a(start.o)               (_start)
libc.a(init.o)                libc.a(start.o) (__init)
libc.a(console.o)             libc.a(stdio.o) (Console::vprintf(char const*, char*))
libc.a(console_kernel.o)      libc.a(stdio.o) (vtable for Console_kernel)

Allocating common symbols
Common symbol       size              file

uninitialized_var   0x4               hello.o

Discarded input sections

 .group         0x0000000000000000        0x8 hello.o
 .group         0x0000000000000000        0x8 hello.o
 .group         0x0000000000000000        0x8 hello.o
 .text          0x0000000000000000      0x23a hello.o
 .bss           0x0000000000000000        0x8 hello.o
 .text.__x86.get_pc_thunk.di
                0x0000000000000000        0x4 hello.o
 .note.GNU-stack
                0x0000000000000000        0x0 hello.o
 .eh_frame      0x0000000000000000      0x16c hello.o
 .group         0x0000000000000000        0x8 libc.a(stdio.o)
 .group         0x0000000000000000        0x8 libc.a(stdio.o)
 .group         0x0000000000000000        0x8 libc.a(stdio.o)
 .data          0x0000000000000000        0x0 libc.a(stdio.o)
 .text.__x86.get_pc_thunk.ax
                0x0000000000000000        0x4 libc.a(stdio.o)
 .text.__x86.get_pc_thunk.bx
                0x0000000000000000        0x4 libc.a(stdio.o)
 .note.GNU-stack
                0x0000000000000000        0x0 libc.a(stdio.o)
 .eh_frame      0x0000000000000000       0xf4 libc.a(stdio.o)
 .data          0x0000000000000000        0x0 libc.a(start.o)
 .bss           0x0000000000000000        0x0 libc.a(start.o)
 .group         0x0000000000000000        0x8 libc.a(init.o)
 .data          0x0000000000000000        0x0 libc.a(init.o)
 .bss           0x0000000000000000        0x0 libc.a(init.o)
 .note.GNU-stack
                0x0000000000000000        0x0 libc.a(init.o)
 .eh_frame      0x0000000000000000       0x68 libc.a(init.o)
 .group         0x0000000000000000        0x8 libc.a(console.o)
 .data          0x0000000000000000        0x0 libc.a(console.o)
 .bss           0x0000000000000000        0x0 libc.a(console.o)
 .text.__x86.get_pc_thunk.ax
                0x0000000000000000        0x4 libc.a(console.o)
 .note.GNU-stack
                0x0000000000000000        0x0 libc.a(console.o)
 .eh_frame      0x0000000000000000      0x188 libc.a(console.o)
 .group         0x0000000000000000        0xc libc.a(console_kernel.o)
 .data          0x0000000000000000        0x0 libc.a(console_kernel.o)
 .bss           0x0000000000000000        0x0 libc.a(console_kernel.o)
 .note.GNU-stack
                0x0000000000000000        0x0 libc.a(console_kernel.o)
 .eh_frame      0x0000000000000000       0x54 libc.a(console_kernel.o)

Memory Configuration

Name             Origin             Length             Attributes
*default*        0x0000000000000000 0xffffffffffffffff

Linker script and memory map

                0x0000000000002000                . = 0x2000
                0x0000000000002000                stack_top = .
                0x0000000000002074                . = (. + SIZEOF_HEADERS)

.data           0x0000000000002074     0x137c
                0x0000000000002074        0x1 BYTE 0x42
 *(.rodata*)
 .rodata.str1.1
                0x0000000000002075       0x2f hello.o
 .rodata.str1.4
                0x00000000000020a4       0x3c hello.o
                                         0x39 (size before relaxing)
 .rodata.str1.1
                0x00000000000020e0        0x4 libc.a(stdio.o)
 .rodata.str1.1
                0x00000000000020e4       0x11 libc.a(console.o)
 *fill*         0x00000000000020f5        0x3 
 .rodata        0x00000000000020f8     0x12e8 libc.a(console.o)
 *(.data*)
 .data          0x00000000000033e0        0x4 hello.o
                0x00000000000033e0                initialized_var
 .data.rel.ro   0x00000000000033e4        0x0 hello.o
 .data.rel.ro.local._ZTV14Console_kernel
                0x00000000000033e4        0xc libc.a(console_kernel.o)
                0x00000000000033e4                vtable for Console_kernel

.dynamic        0x00000000000033f0       0xa0
 .dynamic       0x00000000000033f0       0xa0 hello.o
                0x00000000000033f0                _DYNAMIC

.got            0x0000000000003490        0x0
 .got           0x0000000000003490        0x0 hello.o

.got.plt        0x0000000000003490        0xc
 .got.plt       0x0000000000003490        0xc hello.o
                0x0000000000003490                _GLOBAL_OFFSET_TABLE_

.bss            0x00000000000034a0       0x94
 *(.bss*)
 .bss           0x00000000000034a0       0x90 libc.a(stdio.o)
                0x00000000000034a0                printf_lock
                0x00000000000034c0                console
 COMMON         0x0000000000003530        0x4 hello.o
                0x0000000000003530                uninitialized_var

.dynbss         0x0000000000003534        0x0
 .dynbss        0x0000000000003534        0x0 hello.o
                0x0000000000004000                . = ALIGN (0x1000)

.text           0x0000000000004000      0xb7c
 *(.text*)
 .text.startup  0x0000000000004000       0x9a hello.o
                0x0000000000004000                main
 .text.__x86.get_pc_thunk.ax
                0x000000000000409a        0x4 hello.o
                0x000000000000409a                __x86.get_pc_thunk.ax
 .text.__x86.get_pc_thunk.bx
                0x000000000000409e        0x4 hello.o
                0x000000000000409e                __x86.get_pc_thunk.bx
 *fill*         0x00000000000040a2        0xe 
 .text          0x00000000000040b0       0xb2 libc.a(stdio.o)
                0x00000000000040b0                panic
                0x00000000000040f0                printf
                0x0000000000004130                puts
                0x0000000000004160                __cxa_pure_virtual
 *fill*         0x0000000000004162        0xe 
 .text._ZN8Spinlock4lockEv
                0x0000000000004170       0x19 libc.a(stdio.o)
                0x0000000000004170                Spinlock::lock()
 *fill*         0x0000000000004189        0x7 
 .text.startup  0x0000000000004190       0x2a libc.a(stdio.o)
 .text          0x00000000000041ba       0x11 libc.a(start.o)
                0x00000000000041ba                _start
 *fill*         0x00000000000041cb        0x5 
 .text          0x00000000000041d0       0x7a libc.a(init.o)
                0x00000000000041d0                __init
 .text.__x86.get_pc_thunk.bp
                0x000000000000424a        0x4 libc.a(init.o)
                0x000000000000424a                __x86.get_pc_thunk.bp
 *fill*         0x000000000000424e        0x2 
 .text          0x0000000000004250      0x8de libc.a(console.o)
                0x0000000000004250                Console::print_number(unsigned long long, unsigned int, unsigned int, unsigned int)
                0x0000000000004400                Console::vprintf(char const*, char*)
 *fill*         0x0000000000004b2e        0x2 
 .text          0x0000000000004b30       0x4c libc.a(console_kernel.o)
                0x0000000000004b30                Console_kernel::putc(int)

.plt            0x0000000000004b80        0x0
 .plt           0x0000000000004b80        0x0 hello.o

.plt.got        0x0000000000004b80        0x0
 .plt.got       0x0000000000004b80        0x0 hello.o

.interp         0x0000000000004b7c       0x13
 .interp        0x0000000000004b7c       0x13 hello.o

.gnu.version_d  0x0000000000004b90        0x0
 .gnu.version_d
                0x0000000000004b90        0x0 hello.o

.gnu.version    0x0000000000004b90        0x0
 .gnu.version   0x0000000000004b90        0x0 hello.o

.gnu.version_r  0x0000000000004b90        0x0
 .gnu.version_r
                0x0000000000004b90        0x0 hello.o

.dynsym         0x0000000000004b90       0x10
 .dynsym        0x0000000000004b90       0x10 hello.o

.dynstr         0x0000000000004ba0        0x1
 .dynstr        0x0000000000004ba0        0x1 hello.o

.gnu.hash       0x0000000000004ba4       0x18
 .gnu.hash      0x0000000000004ba4       0x18 hello.o

.eh_frame       0x0000000000004bbc        0x0
 .eh_frame      0x0000000000004bbc        0x0 hello.o
 .eh_frame      0x0000000000004bbc        0x0 hello.o

.eh_frame_hdr   0x0000000000004bbc        0x0
 .eh_frame_hdr  0x0000000000004bbc        0x0 hello.o

.rel.dyn        0x0000000000004bbc       0x38
 .rel.plt       0x0000000000004bbc        0x0 hello.o
 .rel.got       0x0000000000004bbc        0x0 hello.o
 .rel.bss       0x0000000000004bbc        0x0 hello.o
 .rel.data.rel.ro
                0x0000000000004bbc        0x0 hello.o
 .rel.ifunc     0x0000000000004bbc        0x0 hello.o
 .rel.text.startup
                0x0000000000004bbc       0x18 hello.o
 .rel.text      0x0000000000004bd4       0x10 hello.o
 .rel.init_array.00101
                0x0000000000004be4        0x8 hello.o
 .rel.data.rel.ro.local._ZTV14Console_kernel
                0x0000000000004bec        0x8 hello.o

.init_array     0x0000000000004bf4      0x40c
                0x0000000000004bf4                PROVIDE (CTORS_L = .)
 *(.init_array.65534 .ctors.00001)
                0x0000000000004bf4                PROVIDE (CTORS_G = .)
 *(.init_array.* .ctors.*)
 .init_array.00101
                0x0000000000004bf4        0x4 libc.a(stdio.o)
 *(.init_array .ctors)
                0x0000000000004bf8                PROVIDE (CTORS_E = .)
                0x0000000000005000                . = ALIGN (0x1000)
 *fill*         0x0000000000004bf8      0x408 

.stab
 *(.stab)

.stabstr
 *(.stabstr)

.stab.excl
 *(.stab.excl)

.stab.exclstr
 *(.stab.exclstr)

.stab.index
 *(.stab.index)

.stab.indexstr
 *(.stab.indexstr)

.comment        0x0000000000000000       0x2b
 *(.comment)
 .comment       0x0000000000000000       0x2b hello.o
                                         0x2c (size before relaxing)
 .comment       0x000000000000002b       0x2c libc.a(stdio.o)
 .comment       0x000000000000002b       0x2c libc.a(init.o)
 .comment       0x000000000000002b       0x2c libc.a(console.o)
 .comment       0x000000000000002b       0x2c libc.a(console_kernel.o)

.debug
 *(.debug)

.line
 *(.line)

.debug_srcinfo
 *(.debug_srcinfo)

.debug_sfnames
 *(.debug_sfnames)

.debug_aranges  0x0000000000000000       0xd8
 *(.debug_aranges)
 .debug_aranges
                0x0000000000000000       0x28 hello.o
 .debug_aranges
                0x0000000000000028       0x30 libc.a(stdio.o)
 .debug_aranges
                0x0000000000000058       0x20 libc.a(start.o)
 .debug_aranges
                0x0000000000000078       0x20 libc.a(init.o)
 .debug_aranges
                0x0000000000000098       0x20 libc.a(console.o)
 .debug_aranges
                0x00000000000000b8       0x20 libc.a(console_kernel.o)

.debug_pubnames
 *(.debug_pubnames)

.debug_info     0x0000000000000000     0x165e
 *(.debug_info .gnu.linkonce.wi.*)
 .debug_info    0x0000000000000000      0x536 hello.o
 .debug_info    0x0000000000000536      0x770 libc.a(stdio.o)
 .debug_info    0x0000000000000ca6       0x26 libc.a(start.o)
 .debug_info    0x0000000000000ccc      0x1bd libc.a(init.o)
 .debug_info    0x0000000000000e89      0x4ca libc.a(console.o)
 .debug_info    0x0000000000001353      0x30b libc.a(console_kernel.o)

.debug_abbrev   0x0000000000000000      0xb35
 *(.debug_abbrev)
 .debug_abbrev  0x0000000000000000      0x223 hello.o
 .debug_abbrev  0x0000000000000223      0x3b7 libc.a(stdio.o)
 .debug_abbrev  0x00000000000005da       0x14 libc.a(start.o)
 .debug_abbrev  0x00000000000005ee      0x104 libc.a(init.o)
 .debug_abbrev  0x00000000000006f2      0x27d libc.a(console.o)
 .debug_abbrev  0x000000000000096f      0x1c6 libc.a(console_kernel.o)

.debug_line     0x0000000000000000      0x5cd
 *(.debug_line .debug_line.* .debug_line_end)
 .debug_line    0x0000000000000000      0x139 hello.o
 .debug_line    0x0000000000000139      0x132 libc.a(stdio.o)
 .debug_line    0x000000000000026b       0x3c libc.a(start.o)
 .debug_line    0x00000000000002a7       0x91 libc.a(init.o)
 .debug_line    0x0000000000000338      0x1e2 libc.a(console.o)
 .debug_line    0x000000000000051a       0xb3 libc.a(console_kernel.o)

.debug_frame
 *(.debug_frame)

.debug_str      0x0000000000000000      0x7db
 *(.debug_str)
 .debug_str     0x0000000000000000      0x192 hello.o
                                        0x1e1 (size before relaxing)
 .debug_str     0x0000000000000192      0x4ba libc.a(stdio.o)
                                        0x59e (size before relaxing)
 .debug_str     0x000000000000064c       0x18 libc.a(start.o)
                                         0x46 (size before relaxing)
 .debug_str     0x0000000000000664       0x8a libc.a(init.o)
                                        0x1f2 (size before relaxing)
 .debug_str     0x00000000000006ee       0x94 libc.a(console.o)
                                        0x2f1 (size before relaxing)
 .debug_str     0x0000000000000782       0x59 libc.a(console_kernel.o)
                                        0x2cc (size before relaxing)

.debug_loc      0x0000000000000000     0x113e
 *(.debug_loc)
 .debug_loc     0x0000000000000000      0x33b hello.o
 .debug_loc     0x000000000000033b      0x159 libc.a(stdio.o)
 .debug_loc     0x0000000000000494       0x26 libc.a(init.o)
 .debug_loc     0x00000000000004ba      0xc12 libc.a(console.o)
 .debug_loc     0x00000000000010cc       0x72 libc.a(console_kernel.o)

.debug_macinfo
 *(.debug_macinfo)

.debug_weaknames
 *(.debug_weaknames)

.debug_funcnames
 *(.debug_funcnames)

.debug_typenames
 *(.debug_typenames)

.debug_varnames
 *(.debug_varnames)

.debug_pubtypes
 *(.debug_pubtypes)

.debug_ranges   0x0000000000000000      0x158
 *(.debug_ranges)
 .debug_ranges  0x0000000000000000       0x70 hello.o
 .debug_ranges  0x0000000000000070       0x20 libc.a(stdio.o)
 .debug_ranges  0x0000000000000090       0x38 libc.a(init.o)
 .debug_ranges  0x00000000000000c8       0x90 libc.a(console.o)

.debug_macro
 *(.debug_macro)

.debug_addr
 *(.debug_addr)

.gnu.attributes
 *(.gnu.attributes)

/DISCARD/
 *(.note.GNU-stack)
 *(.gnu_debuglink)
 *(.gnu.lto_*)
LOAD hello.o
LOAD libc.a
OUTPUT(hello elf32-i386)
