<html>
<body>
<pre>
<h1>µVision Build Log</h1>
<h2>Project:</h2>
D:\Fischer_Prac\!_Nove\Vyuka\NVS_2011\Literatura_www\LED_BLIK\LED_BLIK.uvproj
Project File Date:  09/21/2011

<h2>Output:</h2>
Build target 'STM32F1xx'
assembling Blik1.asm...
linking...
Program Size: Code=256 RO-data=236 RW-data=0 ZI-data=512  
"LED_BLIK.axf" - 0 Error(s), 0 Warning(s).
Load "D:\\Fischer_Prac\\!_Nove\\Vyuka\\NVS_2011\\Literatura_www\\LED_BLIK\\LED_BLIK.AXF" 
Build target 'STM32F1xx'
assembling Blik1.asm...
linking...
Program Size: Code=256 RO-data=236 RW-data=0 ZI-data=512  
"LED_BLIK.axf" - 0 Error(s), 0 Warning(s).
Load "D:\\Fischer_Prac\\!_Nove\\Vyuka\\NVS_2011\\Literatura_www\\LED_BLIK\\LED_BLIK.AXF" 
