20:02:27 **** Incremental Build of configuration Debug for project chw4_tlacitko ****
make -j8 all 
Building file: ../startup/startup_stm32.s
Building file: ../src/main.c
Invoking: MCU GCC Assembler
Building file: ../src/syscalls.c
Building file: ../src/system_stm32f4xx.c
Invoking: MCU GCC Compiler
C:\Users\kolom\OneDrive\codes\CPL\workspace_CPL\chw4_tlacitko\Debug
arm-none-eabi-as -mcpu=cortex-m4 -mthumb -mfloat-abi=hard -mfpu=fpv4-sp-d16 -I"C:/Users/kolom/OneDrive/codes/CPL/workspace_CPL/chw4_tlacitko/StdPeriph_Driver/inc" -I"C:/Users/kolom/OneDrive/codes/CPL/workspace_CPL/chw4_tlacitko/inc" -I"C:/Users/kolom/OneDrive/codes/CPL/workspace_CPL/chw4_tlacitko/CMSIS/device" -I"C:/Users/kolom/OneDrive/codes/CPL/workspace_CPL/chw4_tlacitko/CMSIS/core" -g -o "startup/startup_stm32.o" "../startup/startup_stm32.s"
Building file: ../StdPeriph_Driver/src/misc.c
Invoking: MCU GCC Compiler
Invoking: MCU GCC Compiler
C:\Users\kolom\OneDrive\codes\CPL\workspace_CPL\chw4_tlacitko\Debug
arm-none-eabi-gcc -mcpu=cortex-m4 -mthumb -mfloat-abi=hard -mfpu=fpv4-sp-d16 -DSTM32 -DSTM32F4 -DSTM32F446RETx -DNUCLEO_F446RE -DDEBUG -DSTM32F446xx -DUSE_STDPERIPH_DRIVER -I"C:/Users/kolom/OneDrive/codes/CPL/workspace_CPL/chw4_tlacitko/StdPeriph_Driver/inc" -I"C:/Users/kolom/OneDrive/codes/CPL/workspace_CPL/chw4_tlacitko/inc" -I"C:/Users/kolom/OneDrive/codes/CPL/workspace_CPL/chw4_tlacitko/CMSIS/device" -I"C:/Users/kolom/OneDrive/codes/CPL/workspace_CPL/chw4_tlacitko/CMSIS/core" -O0 -g3 -Wall -fmessage-length=0 -ffunction-sections -c -MMD -MP -MF"src/main.d" -MT"src/main.o" -o "src/main.o" "../src/main.c"
Invoking: MCU GCC Compiler
C:\Users\kolom\OneDrive\codes\CPL\workspace_CPL\chw4_tlacitko\Debug
C:\Users\kolom\OneDrive\codes\CPL\workspace_CPL\chw4_tlacitko\Debug
arm-none-eabi-gcc -mcpu=cortex-m4 -mthumb -mfloat-abi=hard -mfpu=fpv4-sp-d16 -DSTM32 -DSTM32F4 -DSTM32F446RETx -DNUCLEO_F446RE -DDEBUG -DSTM32F446xx -DUSE_STDPERIPH_DRIVER -I"C:/Users/kolom/OneDrive/codes/CPL/workspace_CPL/chw4_tlacitko/StdPeriph_Driver/inc" -I"C:/Users/kolom/OneDrive/codes/CPL/workspace_CPL/chw4_tlacitko/inc" -I"C:/Users/kolom/OneDrive/codes/CPL/workspace_CPL/chw4_tlacitko/CMSIS/device" -I"C:/Users/kolom/OneDrive/codes/CPL/workspace_CPL/chw4_tlacitko/CMSIS/core" -O0 -g3 -Wall -fmessage-length=0 -ffunction-sections -c -MMD -MP -MF"src/syscalls.d" -MT"src/syscalls.o" -o "src/syscalls.o" "../src/syscalls.c"
arm-none-eabi-gcc -mcpu=cortex-m4 -mthumb -mfloat-abi=hard -mfpu=fpv4-sp-d16 -DSTM32 -DSTM32F4 -DSTM32F446RETx -DNUCLEO_F446RE -DDEBUG -DSTM32F446xx -DUSE_STDPERIPH_DRIVER -I"C:/Users/kolom/OneDrive/codes/CPL/workspace_CPL/chw4_tlacitko/StdPeriph_Driver/inc" -I"C:/Users/kolom/OneDrive/codes/CPL/workspace_CPL/chw4_tlacitko/inc" -I"C:/Users/kolom/OneDrive/codes/CPL/workspace_CPL/chw4_tlacitko/CMSIS/device" -I"C:/Users/kolom/OneDrive/codes/CPL/workspace_CPL/chw4_tlacitko/CMSIS/core" -O0 -g3 -Wall -fmessage-length=0 -ffunction-sections -c -MMD -MP -MF"src/system_stm32f4xx.d" -MT"src/system_stm32f4xx.o" -o "src/system_stm32f4xx.o" "../src/system_stm32f4xx.c"
Building file: ../StdPeriph_Driver/src/stm32f4xx_adc.c
C:\Users\kolom\OneDrive\codes\CPL\workspace_CPL\chw4_tlacitko\Debug
arm-none-eabi-gcc -mcpu=cortex-m4 -mthumb -mfloat-abi=hard -mfpu=fpv4-sp-d16 -DSTM32 -DSTM32F4 -DSTM32F446RETx -DNUCLEO_F446RE -DDEBUG -DSTM32F446xx -DUSE_STDPERIPH_DRIVER -I"C:/Users/kolom/OneDrive/codes/CPL/workspace_CPL/chw4_tlacitko/StdPeriph_Driver/inc" -I"C:/Users/kolom/OneDrive/codes/CPL/workspace_CPL/chw4_tlacitko/inc" -I"C:/Users/kolom/OneDrive/codes/CPL/workspace_CPL/chw4_tlacitko/CMSIS/device" -I"C:/Users/kolom/OneDrive/codes/CPL/workspace_CPL/chw4_tlacitko/CMSIS/core" -O0 -g3 -Wall -fmessage-length=0 -ffunction-sections -c -MMD -MP -MF"StdPeriph_Driver/src/misc.d" -MT"StdPeriph_Driver/src/misc.o" -o "StdPeriph_Driver/src/misc.o" "../StdPeriph_Driver/src/misc.c"
Building file: ../StdPeriph_Driver/src/stm32f4xx_can.c
Building file: ../StdPeriph_Driver/src/stm32f4xx_cec.c
Invoking: MCU GCC Compiler
Invoking: MCU GCC Compiler
C:\Users\kolom\OneDrive\codes\CPL\workspace_CPL\chw4_tlacitko\Debug
Invoking: MCU GCC Compiler
arm-none-eabi-gcc -mcpu=cortex-m4 -mthumb -mfloat-abi=hard -mfpu=fpv4-sp-d16 -DSTM32 -DSTM32F4 -DSTM32F446RETx -DNUCLEO_F446RE -DDEBUG -DSTM32F446xx -DUSE_STDPERIPH_DRIVER -I"C:/Users/kolom/OneDrive/codes/CPL/workspace_CPL/chw4_tlacitko/StdPeriph_Driver/inc" -I"C:/Users/kolom/OneDrive/codes/CPL/workspace_CPL/chw4_tlacitko/inc" -I"C:/Users/kolom/OneDrive/codes/CPL/workspace_CPL/chw4_tlacitko/CMSIS/device" -I"C:/Users/kolom/OneDrive/codes/CPL/workspace_CPL/chw4_tlacitko/CMSIS/core" -O0 -g3 -Wall -fmessage-length=0 -ffunction-sections -c -MMD -MP -MF"StdPeriph_Driver/src/stm32f4xx_adc.d" -MT"StdPeriph_Driver/src/stm32f4xx_adc.o" -o "StdPeriph_Driver/src/stm32f4xx_adc.o" "../StdPeriph_Driver/src/stm32f4xx_adc.c"
C:\Users\kolom\OneDrive\codes\CPL\workspace_CPL\chw4_tlacitko\Debug
arm-none-eabi-gcc -mcpu=cortex-m4 -mthumb -mfloat-abi=hard -mfpu=fpv4-sp-d16 -DSTM32 -DSTM32F4 -DSTM32F446RETx -DNUCLEO_F446RE -DDEBUG -DSTM32F446xx -DUSE_STDPERIPH_DRIVER -I"C:/Users/kolom/OneDrive/codes/CPL/workspace_CPL/chw4_tlacitko/StdPeriph_Driver/inc" -I"C:/Users/kolom/OneDrive/codes/CPL/workspace_CPL/chw4_tlacitko/inc" -I"C:/Users/kolom/OneDrive/codes/CPL/workspace_CPL/chw4_tlacitko/CMSIS/device" -I"C:/Users/kolom/OneDrive/codes/CPL/workspace_CPL/chw4_tlacitko/CMSIS/core" -O0 -g3 -Wall -fmessage-length=0 -ffunction-sections -c -MMD -MP -MF"StdPeriph_Driver/src/stm32f4xx_can.d" -MT"StdPeriph_Driver/src/stm32f4xx_can.o" -o "StdPeriph_Driver/src/stm32f4xx_can.o" "../StdPeriph_Driver/src/stm32f4xx_can.c"
C:\Users\kolom\OneDrive\codes\CPL\workspace_CPL\chw4_tlacitko\Debug
arm-none-eabi-gcc -mcpu=cortex-m4 -mthumb -mfloat-abi=hard -mfpu=fpv4-sp-d16 -DSTM32 -DSTM32F4 -DSTM32F446RETx -DNUCLEO_F446RE -DDEBUG -DSTM32F446xx -DUSE_STDPERIPH_DRIVER -I"C:/Users/kolom/OneDrive/codes/CPL/workspace_CPL/chw4_tlacitko/StdPeriph_Driver/inc" -I"C:/Users/kolom/OneDrive/codes/CPL/workspace_CPL/chw4_tlacitko/inc" -I"C:/Users/kolom/OneDrive/codes/CPL/workspace_CPL/chw4_tlacitko/CMSIS/device" -I"C:/Users/kolom/OneDrive/codes/CPL/workspace_CPL/chw4_tlacitko/CMSIS/core" -O0 -g3 -Wall -fmessage-length=0 -ffunction-sections -c -MMD -MP -MF"StdPeriph_Driver/src/stm32f4xx_cec.d" -MT"StdPeriph_Driver/src/stm32f4xx_cec.o" -o "StdPeriph_Driver/src/stm32f4xx_cec.o" "../StdPeriph_Driver/src/stm32f4xx_cec.c"
Finished building: ../startup/startup_stm32.s
 
Building file: ../StdPeriph_Driver/src/stm32f4xx_crc.c
Invoking: MCU GCC Compiler
C:\Users\kolom\OneDrive\codes\CPL\workspace_CPL\chw4_tlacitko\Debug
arm-none-eabi-gcc -mcpu=cortex-m4 -mthumb -mfloat-abi=hard -mfpu=fpv4-sp-d16 -DSTM32 -DSTM32F4 -DSTM32F446RETx -DNUCLEO_F446RE -DDEBUG -DSTM32F446xx -DUSE_STDPERIPH_DRIVER -I"C:/Users/kolom/OneDrive/codes/CPL/workspace_CPL/chw4_tlacitko/StdPeriph_Driver/inc" -I"C:/Users/kolom/OneDrive/codes/CPL/workspace_CPL/chw4_tlacitko/inc" -I"C:/Users/kolom/OneDrive/codes/CPL/workspace_CPL/chw4_tlacitko/CMSIS/device" -I"C:/Users/kolom/OneDrive/codes/CPL/workspace_CPL/chw4_tlacitko/CMSIS/core" -O0 -g3 -Wall -fmessage-length=0 -ffunction-sections -c -MMD -MP -MF"StdPeriph_Driver/src/stm32f4xx_crc.d" -MT"StdPeriph_Driver/src/stm32f4xx_crc.o" -o "StdPeriph_Driver/src/stm32f4xx_crc.o" "../StdPeriph_Driver/src/stm32f4xx_crc.c"
Finished building: ../src/syscalls.c
 
Building file: ../StdPeriph_Driver/src/stm32f4xx_cryp.c
Invoking: MCU GCC Compiler
C:\Users\kolom\OneDrive\codes\CPL\workspace_CPL\chw4_tlacitko\Debug
arm-none-eabi-gcc -mcpu=cortex-m4 -mthumb -mfloat-abi=hard -mfpu=fpv4-sp-d16 -DSTM32 -DSTM32F4 -DSTM32F446RETx -DNUCLEO_F446RE -DDEBUG -DSTM32F446xx -DUSE_STDPERIPH_DRIVER -I"C:/Users/kolom/OneDrive/codes/CPL/workspace_CPL/chw4_tlacitko/StdPeriph_Driver/inc" -I"C:/Users/kolom/OneDrive/codes/CPL/workspace_CPL/chw4_tlacitko/inc" -I"C:/Users/kolom/OneDrive/codes/CPL/workspace_CPL/chw4_tlacitko/CMSIS/device" -I"C:/Users/kolom/OneDrive/codes/CPL/workspace_CPL/chw4_tlacitko/CMSIS/core" -O0 -g3 -Wall -fmessage-length=0 -ffunction-sections -c -MMD -MP -MF"StdPeriph_Driver/src/stm32f4xx_cryp.d" -MT"StdPeriph_Driver/src/stm32f4xx_cryp.o" -o "StdPeriph_Driver/src/stm32f4xx_cryp.o" "../StdPeriph_Driver/src/stm32f4xx_cryp.c"
../src/system_stm32f4xx.c: In function 'SetSysClock':
../src/system_stm32f4xx.c:760:5: warning: this 'while' clause does not guard... [-Wmisleading-indentation]
     while ((RCC->CFGR & (uint32_t)RCC_CFGR_SWS ) != RCC_CFGR_SWS_PLL);
     ^~~~~
../src/system_stm32f4xx.c:761:5: note: ...this statement, but the latter is misleadingly indented as if it were guarded by the 'while'
     {
     ^
Finished building: ../StdPeriph_Driver/src/misc.c
Finished building: ../src/system_stm32f4xx.c
 
Finished building: ../StdPeriph_Driver/src/stm32f4xx_crc.c
 
Finished building: ../StdPeriph_Driver/src/stm32f4xx_cec.c
 
Finished building: ../src/main.c
Finished building: ../StdPeriph_Driver/src/stm32f4xx_adc.c
 
Building file: ../StdPeriph_Driver/src/stm32f4xx_cryp_aes.c
Building file: ../StdPeriph_Driver/src/stm32f4xx_cryp_des.c
Finished building: ../StdPeriph_Driver/src/stm32f4xx_can.c
Building file: ../StdPeriph_Driver/src/stm32f4xx_cryp_tdes.c
 
Building file: ../StdPeriph_Driver/src/stm32f4xx_dac.c
 
Invoking: MCU GCC Compiler
Finished building: ../StdPeriph_Driver/src/stm32f4xx_cryp.c
 
Invoking: MCU GCC Compiler
Invoking: MCU GCC Compiler
 
Invoking: MCU GCC Compiler
C:\Users\kolom\OneDrive\codes\CPL\workspace_CPL\chw4_tlacitko\Debug
Building file: ../StdPeriph_Driver/src/stm32f4xx_dbgmcu.c
Building file: ../StdPeriph_Driver/src/stm32f4xx_dcmi.c
arm-none-eabi-gcc -mcpu=cortex-m4 -mthumb -mfloat-abi=hard -mfpu=fpv4-sp-d16 -DSTM32 -DSTM32F4 -DSTM32F446RETx -DNUCLEO_F446RE -DDEBUG -DSTM32F446xx -DUSE_STDPERIPH_DRIVER -I"C:/Users/kolom/OneDrive/codes/CPL/workspace_CPL/chw4_tlacitko/StdPeriph_Driver/inc" -I"C:/Users/kolom/OneDrive/codes/CPL/workspace_CPL/chw4_tlacitko/inc" -I"C:/Users/kolom/OneDrive/codes/CPL/workspace_CPL/chw4_tlacitko/CMSIS/device" -I"C:/Users/kolom/OneDrive/codes/CPL/workspace_CPL/chw4_tlacitko/CMSIS/core" -O0 -g3 -Wall -fmessage-length=0 -ffunction-sections -c -MMD -MP -MF"StdPeriph_Driver/src/stm32f4xx_cryp_aes.d" -MT"StdPeriph_Driver/src/stm32f4xx_cryp_aes.o" -o "StdPeriph_Driver/src/stm32f4xx_cryp_aes.o" "../StdPeriph_Driver/src/stm32f4xx_cryp_aes.c"
C:\Users\kolom\OneDrive\codes\CPL\workspace_CPL\chw4_tlacitko\Debug
C:\Users\kolom\OneDrive\codes\CPL\workspace_CPL\chw4_tlacitko\Debug
Building file: ../StdPeriph_Driver/src/stm32f4xx_dfsdm.c
arm-none-eabi-gcc -mcpu=cortex-m4 -mthumb -mfloat-abi=hard -mfpu=fpv4-sp-d16 -DSTM32 -DSTM32F4 -DSTM32F446RETx -DNUCLEO_F446RE -DDEBUG -DSTM32F446xx -DUSE_STDPERIPH_DRIVER -I"C:/Users/kolom/OneDrive/codes/CPL/workspace_CPL/chw4_tlacitko/StdPeriph_Driver/inc" -I"C:/Users/kolom/OneDrive/codes/CPL/workspace_CPL/chw4_tlacitko/inc" -I"C:/Users/kolom/OneDrive/codes/CPL/workspace_CPL/chw4_tlacitko/CMSIS/device" -I"C:/Users/kolom/OneDrive/codes/CPL/workspace_CPL/chw4_tlacitko/CMSIS/core" -O0 -g3 -Wall -fmessage-length=0 -ffunction-sections -c -MMD -MP -MF"StdPeriph_Driver/src/stm32f4xx_cryp_tdes.d" -MT"StdPeriph_Driver/src/stm32f4xx_cryp_tdes.o" -o "StdPeriph_Driver/src/stm32f4xx_cryp_tdes.o" "../StdPeriph_Driver/src/stm32f4xx_cryp_tdes.c"
C:\Users\kolom\OneDrive\codes\CPL\workspace_CPL\chw4_tlacitko\Debug
arm-none-eabi-gcc -mcpu=cortex-m4 -mthumb -mfloat-abi=hard -mfpu=fpv4-sp-d16 -DSTM32 -DSTM32F4 -DSTM32F446RETx -DNUCLEO_F446RE -DDEBUG -DSTM32F446xx -DUSE_STDPERIPH_DRIVER -I"C:/Users/kolom/OneDrive/codes/CPL/workspace_CPL/chw4_tlacitko/StdPeriph_Driver/inc" -I"C:/Users/kolom/OneDrive/codes/CPL/workspace_CPL/chw4_tlacitko/inc" -I"C:/Users/kolom/OneDrive/codes/CPL/workspace_CPL/chw4_tlacitko/CMSIS/device" -I"C:/Users/kolom/OneDrive/codes/CPL/workspace_CPL/chw4_tlacitko/CMSIS/core" -O0 -g3 -Wall -fmessage-length=0 -ffunction-sections -c -MMD -MP -MF"StdPeriph_Driver/src/stm32f4xx_dac.d" -MT"StdPeriph_Driver/src/stm32f4xx_dac.o" -o "StdPeriph_Driver/src/stm32f4xx_dac.o" "../StdPeriph_Driver/src/stm32f4xx_dac.c"
Invoking: MCU GCC Compiler
Invoking: MCU GCC Compiler
Building file: ../StdPeriph_Driver/src/stm32f4xx_dma.c
Invoking: MCU GCC Compiler
arm-none-eabi-gcc -mcpu=cortex-m4 -mthumb -mfloat-abi=hard -mfpu=fpv4-sp-d16 -DSTM32 -DSTM32F4 -DSTM32F446RETx -DNUCLEO_F446RE -DDEBUG -DSTM32F446xx -DUSE_STDPERIPH_DRIVER -I"C:/Users/kolom/OneDrive/codes/CPL/workspace_CPL/chw4_tlacitko/StdPeriph_Driver/inc" -I"C:/Users/kolom/OneDrive/codes/CPL/workspace_CPL/chw4_tlacitko/inc" -I"C:/Users/kolom/OneDrive/codes/CPL/workspace_CPL/chw4_tlacitko/CMSIS/device" -I"C:/Users/kolom/OneDrive/codes/CPL/workspace_CPL/chw4_tlacitko/CMSIS/core" -O0 -g3 -Wall -fmessage-length=0 -ffunction-sections -c -MMD -MP -MF"StdPeriph_Driver/src/stm32f4xx_cryp_des.d" -MT"StdPeriph_Driver/src/stm32f4xx_cryp_des.o" -o "StdPeriph_Driver/src/stm32f4xx_cryp_des.o" "../StdPeriph_Driver/src/stm32f4xx_cryp_des.c"
C:\Users\kolom\OneDrive\codes\CPL\workspace_CPL\chw4_tlacitko\Debug
arm-none-eabi-gcc -mcpu=cortex-m4 -mthumb -mfloat-abi=hard -mfpu=fpv4-sp-d16 -DSTM32 -DSTM32F4 -DSTM32F446RETx -DNUCLEO_F446RE -DDEBUG -DSTM32F446xx -DUSE_STDPERIPH_DRIVER -I"C:/Users/kolom/OneDrive/codes/CPL/workspace_CPL/chw4_tlacitko/StdPeriph_Driver/inc" -I"C:/Users/kolom/OneDrive/codes/CPL/workspace_CPL/chw4_tlacitko/inc" -I"C:/Users/kolom/OneDrive/codes/CPL/workspace_CPL/chw4_tlacitko/CMSIS/device" -I"C:/Users/kolom/OneDrive/codes/CPL/workspace_CPL/chw4_tlacitko/CMSIS/core" -O0 -g3 -Wall -fmessage-length=0 -ffunction-sections -c -MMD -MP -MF"StdPeriph_Driver/src/stm32f4xx_dcmi.d" -MT"StdPeriph_Driver/src/stm32f4xx_dcmi.o" -o "StdPeriph_Driver/src/stm32f4xx_dcmi.o" "../StdPeriph_Driver/src/stm32f4xx_dcmi.c"
C:\Users\kolom\OneDrive\codes\CPL\workspace_CPL\chw4_tlacitko\Debug
C:\Users\kolom\OneDrive\codes\CPL\workspace_CPL\chw4_tlacitko\Debug
Invoking: MCU GCC Compiler
arm-none-eabi-gcc -mcpu=cortex-m4 -mthumb -mfloat-abi=hard -mfpu=fpv4-sp-d16 -DSTM32 -DSTM32F4 -DSTM32F446RETx -DNUCLEO_F446RE -DDEBUG -DSTM32F446xx -DUSE_STDPERIPH_DRIVER -I"C:/Users/kolom/OneDrive/codes/CPL/workspace_CPL/chw4_tlacitko/StdPeriph_Driver/inc" -I"C:/Users/kolom/OneDrive/codes/CPL/workspace_CPL/chw4_tlacitko/inc" -I"C:/Users/kolom/OneDrive/codes/CPL/workspace_CPL/chw4_tlacitko/CMSIS/device" -I"C:/Users/kolom/OneDrive/codes/CPL/workspace_CPL/chw4_tlacitko/CMSIS/core" -O0 -g3 -Wall -fmessage-length=0 -ffunction-sections -c -MMD -MP -MF"StdPeriph_Driver/src/stm32f4xx_dbgmcu.d" -MT"StdPeriph_Driver/src/stm32f4xx_dbgmcu.o" -o "StdPeriph_Driver/src/stm32f4xx_dbgmcu.o" "../StdPeriph_Driver/src/stm32f4xx_dbgmcu.c"
arm-none-eabi-gcc -mcpu=cortex-m4 -mthumb -mfloat-abi=hard -mfpu=fpv4-sp-d16 -DSTM32 -DSTM32F4 -DSTM32F446RETx -DNUCLEO_F446RE -DDEBUG -DSTM32F446xx -DUSE_STDPERIPH_DRIVER -I"C:/Users/kolom/OneDrive/codes/CPL/workspace_CPL/chw4_tlacitko/StdPeriph_Driver/inc" -I"C:/Users/kolom/OneDrive/codes/CPL/workspace_CPL/chw4_tlacitko/inc" -I"C:/Users/kolom/OneDrive/codes/CPL/workspace_CPL/chw4_tlacitko/CMSIS/device" -I"C:/Users/kolom/OneDrive/codes/CPL/workspace_CPL/chw4_tlacitko/CMSIS/core" -O0 -g3 -Wall -fmessage-length=0 -ffunction-sections -c -MMD -MP -MF"StdPeriph_Driver/src/stm32f4xx_dfsdm.d" -MT"StdPeriph_Driver/src/stm32f4xx_dfsdm.o" -o "StdPeriph_Driver/src/stm32f4xx_dfsdm.o" "../StdPeriph_Driver/src/stm32f4xx_dfsdm.c"
C:\Users\kolom\OneDrive\codes\CPL\workspace_CPL\chw4_tlacitko\Debug
arm-none-eabi-gcc -mcpu=cortex-m4 -mthumb -mfloat-abi=hard -mfpu=fpv4-sp-d16 -DSTM32 -DSTM32F4 -DSTM32F446RETx -DNUCLEO_F446RE -DDEBUG -DSTM32F446xx -DUSE_STDPERIPH_DRIVER -I"C:/Users/kolom/OneDrive/codes/CPL/workspace_CPL/chw4_tlacitko/StdPeriph_Driver/inc" -I"C:/Users/kolom/OneDrive/codes/CPL/workspace_CPL/chw4_tlacitko/inc" -I"C:/Users/kolom/OneDrive/codes/CPL/workspace_CPL/chw4_tlacitko/CMSIS/device" -I"C:/Users/kolom/OneDrive/codes/CPL/workspace_CPL/chw4_tlacitko/CMSIS/core" -O0 -g3 -Wall -fmessage-length=0 -ffunction-sections -c -MMD -MP -MF"StdPeriph_Driver/src/stm32f4xx_dma.d" -MT"StdPeriph_Driver/src/stm32f4xx_dma.o" -o "StdPeriph_Driver/src/stm32f4xx_dma.o" "../StdPeriph_Driver/src/stm32f4xx_dma.c"
Finished building: ../StdPeriph_Driver/src/stm32f4xx_cryp_tdes.c
Finished building: ../StdPeriph_Driver/src/stm32f4xx_dac.c
 
 
Building file: ../StdPeriph_Driver/src/stm32f4xx_dma2d.c
Building file: ../StdPeriph_Driver/src/stm32f4xx_dsi.c
Invoking: MCU GCC Compiler
Finished building: ../StdPeriph_Driver/src/stm32f4xx_dcmi.c
Finished building: ../StdPeriph_Driver/src/stm32f4xx_cryp_des.c
C:\Users\kolom\OneDrive\codes\CPL\workspace_CPL\chw4_tlacitko\Debug
Invoking: MCU GCC Compiler
arm-none-eabi-gcc -mcpu=cortex-m4 -mthumb -mfloat-abi=hard -mfpu=fpv4-sp-d16 -DSTM32 -DSTM32F4 -DSTM32F446RETx -DNUCLEO_F446RE -DDEBUG -DSTM32F446xx -DUSE_STDPERIPH_DRIVER -I"C:/Users/kolom/OneDrive/codes/CPL/workspace_CPL/chw4_tlacitko/StdPeriph_Driver/inc" -I"C:/Users/kolom/OneDrive/codes/CPL/workspace_CPL/chw4_tlacitko/inc" -I"C:/Users/kolom/OneDrive/codes/CPL/workspace_CPL/chw4_tlacitko/CMSIS/device" -I"C:/Users/kolom/OneDrive/codes/CPL/workspace_CPL/chw4_tlacitko/CMSIS/core" -O0 -g3 -Wall -fmessage-length=0 -ffunction-sections -c -MMD -MP -MF"StdPeriph_Driver/src/stm32f4xx_dma2d.d" -MT"StdPeriph_Driver/src/stm32f4xx_dma2d.o" -o "StdPeriph_Driver/src/stm32f4xx_dma2d.o" "../StdPeriph_Driver/src/stm32f4xx_dma2d.c"
Finished building: ../StdPeriph_Driver/src/stm32f4xx_dbgmcu.c
 
C:\Users\kolom\OneDrive\codes\CPL\workspace_CPL\chw4_tlacitko\Debug
arm-none-eabi-gcc -mcpu=cortex-m4 -mthumb -mfloat-abi=hard -mfpu=fpv4-sp-d16 -DSTM32 -DSTM32F4 -DSTM32F446RETx -DNUCLEO_F446RE -DDEBUG -DSTM32F446xx -DUSE_STDPERIPH_DRIVER -I"C:/Users/kolom/OneDrive/codes/CPL/workspace_CPL/chw4_tlacitko/StdPeriph_Driver/inc" -I"C:/Users/kolom/OneDrive/codes/CPL/workspace_CPL/chw4_tlacitko/inc" -I"C:/Users/kolom/OneDrive/codes/CPL/workspace_CPL/chw4_tlacitko/CMSIS/device" -I"C:/Users/kolom/OneDrive/codes/CPL/workspace_CPL/chw4_tlacitko/CMSIS/core" -O0 -g3 -Wall -fmessage-length=0 -ffunction-sections -c -MMD -MP -MF"StdPeriph_Driver/src/stm32f4xx_dsi.d" -MT"StdPeriph_Driver/src/stm32f4xx_dsi.o" -o "StdPeriph_Driver/src/stm32f4xx_dsi.o" "../StdPeriph_Driver/src/stm32f4xx_dsi.c"
 
Building file: ../StdPeriph_Driver/src/stm32f4xx_exti.c
 
Finished building: ../StdPeriph_Driver/src/stm32f4xx_cryp_aes.c
Finished building: ../StdPeriph_Driver/src/stm32f4xx_dma.c
Invoking: MCU GCC Compiler
Building file: ../StdPeriph_Driver/src/stm32f4xx_flash.c
Building file: ../StdPeriph_Driver/src/stm32f4xx_flash_ramfunc.c
 
 
Invoking: MCU GCC Compiler
C:\Users\kolom\OneDrive\codes\CPL\workspace_CPL\chw4_tlacitko\Debug
Invoking: MCU GCC Compiler
arm-none-eabi-gcc -mcpu=cortex-m4 -mthumb -mfloat-abi=hard -mfpu=fpv4-sp-d16 -DSTM32 -DSTM32F4 -DSTM32F446RETx -DNUCLEO_F446RE -DDEBUG -DSTM32F446xx -DUSE_STDPERIPH_DRIVER -I"C:/Users/kolom/OneDrive/codes/CPL/workspace_CPL/chw4_tlacitko/StdPeriph_Driver/inc" -I"C:/Users/kolom/OneDrive/codes/CPL/workspace_CPL/chw4_tlacitko/inc" -I"C:/Users/kolom/OneDrive/codes/CPL/workspace_CPL/chw4_tlacitko/CMSIS/device" -I"C:/Users/kolom/OneDrive/codes/CPL/workspace_CPL/chw4_tlacitko/CMSIS/core" -O0 -g3 -Wall -fmessage-length=0 -ffunction-sections -c -MMD -MP -MF"StdPeriph_Driver/src/stm32f4xx_exti.d" -MT"StdPeriph_Driver/src/stm32f4xx_exti.o" -o "StdPeriph_Driver/src/stm32f4xx_exti.o" "../StdPeriph_Driver/src/stm32f4xx_exti.c"
C:\Users\kolom\OneDrive\codes\CPL\workspace_CPL\chw4_tlacitko\Debug
Building file: ../StdPeriph_Driver/src/stm32f4xx_fmc.c
arm-none-eabi-gcc -mcpu=cortex-m4 -mthumb -mfloat-abi=hard -mfpu=fpv4-sp-d16 -DSTM32 -DSTM32F4 -DSTM32F446RETx -DNUCLEO_F446RE -DDEBUG -DSTM32F446xx -DUSE_STDPERIPH_DRIVER -I"C:/Users/kolom/OneDrive/codes/CPL/workspace_CPL/chw4_tlacitko/StdPeriph_Driver/inc" -I"C:/Users/kolom/OneDrive/codes/CPL/workspace_CPL/chw4_tlacitko/inc" -I"C:/Users/kolom/OneDrive/codes/CPL/workspace_CPL/chw4_tlacitko/CMSIS/device" -I"C:/Users/kolom/OneDrive/codes/CPL/workspace_CPL/chw4_tlacitko/CMSIS/core" -O0 -g3 -Wall -fmessage-length=0 -ffunction-sections -c -MMD -MP -MF"StdPeriph_Driver/src/stm32f4xx_flash.d" -MT"StdPeriph_Driver/src/stm32f4xx_flash.o" -o "StdPeriph_Driver/src/stm32f4xx_flash.o" "../StdPeriph_Driver/src/stm32f4xx_flash.c"
C:\Users\kolom\OneDrive\codes\CPL\workspace_CPL\chw4_tlacitko\Debug
Building file: ../StdPeriph_Driver/src/stm32f4xx_fmip2c.c
Finished building: ../StdPeriph_Driver/src/stm32f4xx_dfsdm.c
arm-none-eabi-gcc -mcpu=cortex-m4 -mthumb -mfloat-abi=hard -mfpu=fpv4-sp-d16 -DSTM32 -DSTM32F4 -DSTM32F446RETx -DNUCLEO_F446RE -DDEBUG -DSTM32F446xx -DUSE_STDPERIPH_DRIVER -I"C:/Users/kolom/OneDrive/codes/CPL/workspace_CPL/chw4_tlacitko/StdPeriph_Driver/inc" -I"C:/Users/kolom/OneDrive/codes/CPL/workspace_CPL/chw4_tlacitko/inc" -I"C:/Users/kolom/OneDrive/codes/CPL/workspace_CPL/chw4_tlacitko/CMSIS/device" -I"C:/Users/kolom/OneDrive/codes/CPL/workspace_CPL/chw4_tlacitko/CMSIS/core" -O0 -g3 -Wall -fmessage-length=0 -ffunction-sections -c -MMD -MP -MF"StdPeriph_Driver/src/stm32f4xx_flash_ramfunc.d" -MT"StdPeriph_Driver/src/stm32f4xx_flash_ramfunc.o" -o "StdPeriph_Driver/src/stm32f4xx_flash_ramfunc.o" "../StdPeriph_Driver/src/stm32f4xx_flash_ramfunc.c"
Invoking: MCU GCC Compiler
Invoking: MCU GCC Compiler
 
C:\Users\kolom\OneDrive\codes\CPL\workspace_CPL\chw4_tlacitko\Debug
C:\Users\kolom\OneDrive\codes\CPL\workspace_CPL\chw4_tlacitko\Debug
arm-none-eabi-gcc -mcpu=cortex-m4 -mthumb -mfloat-abi=hard -mfpu=fpv4-sp-d16 -DSTM32 -DSTM32F4 -DSTM32F446RETx -DNUCLEO_F446RE -DDEBUG -DSTM32F446xx -DUSE_STDPERIPH_DRIVER -I"C:/Users/kolom/OneDrive/codes/CPL/workspace_CPL/chw4_tlacitko/StdPeriph_Driver/inc" -I"C:/Users/kolom/OneDrive/codes/CPL/workspace_CPL/chw4_tlacitko/inc" -I"C:/Users/kolom/OneDrive/codes/CPL/workspace_CPL/chw4_tlacitko/CMSIS/device" -I"C:/Users/kolom/OneDrive/codes/CPL/workspace_CPL/chw4_tlacitko/CMSIS/core" -O0 -g3 -Wall -fmessage-length=0 -ffunction-sections -c -MMD -MP -MF"StdPeriph_Driver/src/stm32f4xx_fmc.d" -MT"StdPeriph_Driver/src/stm32f4xx_fmc.o" -o "StdPeriph_Driver/src/stm32f4xx_fmc.o" "../StdPeriph_Driver/src/stm32f4xx_fmc.c"
Building file: ../StdPeriph_Driver/src/stm32f4xx_fsmc.c
arm-none-eabi-gcc -mcpu=cortex-m4 -mthumb -mfloat-abi=hard -mfpu=fpv4-sp-d16 -DSTM32 -DSTM32F4 -DSTM32F446RETx -DNUCLEO_F446RE -DDEBUG -DSTM32F446xx -DUSE_STDPERIPH_DRIVER -I"C:/Users/kolom/OneDrive/codes/CPL/workspace_CPL/chw4_tlacitko/StdPeriph_Driver/inc" -I"C:/Users/kolom/OneDrive/codes/CPL/workspace_CPL/chw4_tlacitko/inc" -I"C:/Users/kolom/OneDrive/codes/CPL/workspace_CPL/chw4_tlacitko/CMSIS/device" -I"C:/Users/kolom/OneDrive/codes/CPL/workspace_CPL/chw4_tlacitko/CMSIS/core" -O0 -g3 -Wall -fmessage-length=0 -ffunction-sections -c -MMD -MP -MF"StdPeriph_Driver/src/stm32f4xx_fmip2c.d" -MT"StdPeriph_Driver/src/stm32f4xx_fmip2c.o" -o "StdPeriph_Driver/src/stm32f4xx_fmip2c.o" "../StdPeriph_Driver/src/stm32f4xx_fmip2c.c"
Invoking: MCU GCC Compiler
C:\Users\kolom\OneDrive\codes\CPL\workspace_CPL\chw4_tlacitko\Debug
arm-none-eabi-gcc -mcpu=cortex-m4 -mthumb -mfloat-abi=hard -mfpu=fpv4-sp-d16 -DSTM32 -DSTM32F4 -DSTM32F446RETx -DNUCLEO_F446RE -DDEBUG -DSTM32F446xx -DUSE_STDPERIPH_DRIVER -I"C:/Users/kolom/OneDrive/codes/CPL/workspace_CPL/chw4_tlacitko/StdPeriph_Driver/inc" -I"C:/Users/kolom/OneDrive/codes/CPL/workspace_CPL/chw4_tlacitko/inc" -I"C:/Users/kolom/OneDrive/codes/CPL/workspace_CPL/chw4_tlacitko/CMSIS/device" -I"C:/Users/kolom/OneDrive/codes/CPL/workspace_CPL/chw4_tlacitko/CMSIS/core" -O0 -g3 -Wall -fmessage-length=0 -ffunction-sections -c -MMD -MP -MF"StdPeriph_Driver/src/stm32f4xx_fsmc.d" -MT"StdPeriph_Driver/src/stm32f4xx_fsmc.o" -o "StdPeriph_Driver/src/stm32f4xx_fsmc.o" "../StdPeriph_Driver/src/stm32f4xx_fsmc.c"
Finished building: ../StdPeriph_Driver/src/stm32f4xx_dma2d.c
 
Finished building: ../StdPeriph_Driver/src/stm32f4xx_dsi.c
Finished building: ../StdPeriph_Driver/src/stm32f4xx_exti.c
Building file: ../StdPeriph_Driver/src/stm32f4xx_gpio.c
Finished building: ../StdPeriph_Driver/src/stm32f4xx_fmc.c
 
 
Invoking: MCU GCC Compiler
Finished building: ../StdPeriph_Driver/src/stm32f4xx_flash.c
Building file: ../StdPeriph_Driver/src/stm32f4xx_hash.c
Building file: ../StdPeriph_Driver/src/stm32f4xx_hash_md5.c
 
Finished building: ../StdPeriph_Driver/src/stm32f4xx_fsmc.c
 
C:\Users\kolom\OneDrive\codes\CPL\workspace_CPL\chw4_tlacitko\Debug
Invoking: MCU GCC Compiler
arm-none-eabi-gcc -mcpu=cortex-m4 -mthumb -mfloat-abi=hard -mfpu=fpv4-sp-d16 -DSTM32 -DSTM32F4 -DSTM32F446RETx -DNUCLEO_F446RE -DDEBUG -DSTM32F446xx -DUSE_STDPERIPH_DRIVER -I"C:/Users/kolom/OneDrive/codes/CPL/workspace_CPL/chw4_tlacitko/StdPeriph_Driver/inc" -I"C:/Users/kolom/OneDrive/codes/CPL/workspace_CPL/chw4_tlacitko/inc" -I"C:/Users/kolom/OneDrive/codes/CPL/workspace_CPL/chw4_tlacitko/CMSIS/device" -I"C:/Users/kolom/OneDrive/codes/CPL/workspace_CPL/chw4_tlacitko/CMSIS/core" -O0 -g3 -Wall -fmessage-length=0 -ffunction-sections -c -MMD -MP -MF"StdPeriph_Driver/src/stm32f4xx_gpio.d" -MT"StdPeriph_Driver/src/stm32f4xx_gpio.o" -o "StdPeriph_Driver/src/stm32f4xx_gpio.o" "../StdPeriph_Driver/src/stm32f4xx_gpio.c"
Invoking: MCU GCC Compiler
 
Finished building: ../StdPeriph_Driver/src/stm32f4xx_fmip2c.c
Building file: ../StdPeriph_Driver/src/stm32f4xx_hash_sha1.c
C:\Users\kolom\OneDrive\codes\CPL\workspace_CPL\chw4_tlacitko\Debug
C:\Users\kolom\OneDrive\codes\CPL\workspace_CPL\chw4_tlacitko\Debug
arm-none-eabi-gcc -mcpu=cortex-m4 -mthumb -mfloat-abi=hard -mfpu=fpv4-sp-d16 -DSTM32 -DSTM32F4 -DSTM32F446RETx -DNUCLEO_F446RE -DDEBUG -DSTM32F446xx -DUSE_STDPERIPH_DRIVER -I"C:/Users/kolom/OneDrive/codes/CPL/workspace_CPL/chw4_tlacitko/StdPeriph_Driver/inc" -I"C:/Users/kolom/OneDrive/codes/CPL/workspace_CPL/chw4_tlacitko/inc" -I"C:/Users/kolom/OneDrive/codes/CPL/workspace_CPL/chw4_tlacitko/CMSIS/device" -I"C:/Users/kolom/OneDrive/codes/CPL/workspace_CPL/chw4_tlacitko/CMSIS/core" -O0 -g3 -Wall -fmessage-length=0 -ffunction-sections -c -MMD -MP -MF"StdPeriph_Driver/src/stm32f4xx_hash.d" -MT"StdPeriph_Driver/src/stm32f4xx_hash.o" -o "StdPeriph_Driver/src/stm32f4xx_hash.o" "../StdPeriph_Driver/src/stm32f4xx_hash.c"
 
Building file: ../StdPeriph_Driver/src/stm32f4xx_i2c.c
arm-none-eabi-gcc -mcpu=cortex-m4 -mthumb -mfloat-abi=hard -mfpu=fpv4-sp-d16 -DSTM32 -DSTM32F4 -DSTM32F446RETx -DNUCLEO_F446RE -DDEBUG -DSTM32F446xx -DUSE_STDPERIPH_DRIVER -I"C:/Users/kolom/OneDrive/codes/CPL/workspace_CPL/chw4_tlacitko/StdPeriph_Driver/inc" -I"C:/Users/kolom/OneDrive/codes/CPL/workspace_CPL/chw4_tlacitko/inc" -I"C:/Users/kolom/OneDrive/codes/CPL/workspace_CPL/chw4_tlacitko/CMSIS/device" -I"C:/Users/kolom/OneDrive/codes/CPL/workspace_CPL/chw4_tlacitko/CMSIS/core" -O0 -g3 -Wall -fmessage-length=0 -ffunction-sections -c -MMD -MP -MF"StdPeriph_Driver/src/stm32f4xx_hash_md5.d" -MT"StdPeriph_Driver/src/stm32f4xx_hash_md5.o" -o "StdPeriph_Driver/src/stm32f4xx_hash_md5.o" "../StdPeriph_Driver/src/stm32f4xx_hash_md5.c"
Invoking: MCU GCC Compiler
Building file: ../StdPeriph_Driver/src/stm32f4xx_iwdg.c
Invoking: MCU GCC Compiler
Building file: ../StdPeriph_Driver/src/stm32f4xx_lptim.c
Invoking: MCU GCC Compiler
C:\Users\kolom\OneDrive\codes\CPL\workspace_CPL\chw4_tlacitko\Debug
C:\Users\kolom\OneDrive\codes\CPL\workspace_CPL\chw4_tlacitko\Debug
Invoking: MCU GCC Compiler
arm-none-eabi-gcc -mcpu=cortex-m4 -mthumb -mfloat-abi=hard -mfpu=fpv4-sp-d16 -DSTM32 -DSTM32F4 -DSTM32F446RETx -DNUCLEO_F446RE -DDEBUG -DSTM32F446xx -DUSE_STDPERIPH_DRIVER -I"C:/Users/kolom/OneDrive/codes/CPL/workspace_CPL/chw4_tlacitko/StdPeriph_Driver/inc" -I"C:/Users/kolom/OneDrive/codes/CPL/workspace_CPL/chw4_tlacitko/inc" -I"C:/Users/kolom/OneDrive/codes/CPL/workspace_CPL/chw4_tlacitko/CMSIS/device" -I"C:/Users/kolom/OneDrive/codes/CPL/workspace_CPL/chw4_tlacitko/CMSIS/core" -O0 -g3 -Wall -fmessage-length=0 -ffunction-sections -c -MMD -MP -MF"StdPeriph_Driver/src/stm32f4xx_hash_sha1.d" -MT"StdPeriph_Driver/src/stm32f4xx_hash_sha1.o" -o "StdPeriph_Driver/src/stm32f4xx_hash_sha1.o" "../StdPeriph_Driver/src/stm32f4xx_hash_sha1.c"
arm-none-eabi-gcc -mcpu=cortex-m4 -mthumb -mfloat-abi=hard -mfpu=fpv4-sp-d16 -DSTM32 -DSTM32F4 -DSTM32F446RETx -DNUCLEO_F446RE -DDEBUG -DSTM32F446xx -DUSE_STDPERIPH_DRIVER -I"C:/Users/kolom/OneDrive/codes/CPL/workspace_CPL/chw4_tlacitko/StdPeriph_Driver/inc" -I"C:/Users/kolom/OneDrive/codes/CPL/workspace_CPL/chw4_tlacitko/inc" -I"C:/Users/kolom/OneDrive/codes/CPL/workspace_CPL/chw4_tlacitko/CMSIS/device" -I"C:/Users/kolom/OneDrive/codes/CPL/workspace_CPL/chw4_tlacitko/CMSIS/core" -O0 -g3 -Wall -fmessage-length=0 -ffunction-sections -c -MMD -MP -MF"StdPeriph_Driver/src/stm32f4xx_i2c.d" -MT"StdPeriph_Driver/src/stm32f4xx_i2c.o" -o "StdPeriph_Driver/src/stm32f4xx_i2c.o" "../StdPeriph_Driver/src/stm32f4xx_i2c.c"
Finished building: ../StdPeriph_Driver/src/stm32f4xx_flash_ramfunc.c
C:\Users\kolom\OneDrive\codes\CPL\workspace_CPL\chw4_tlacitko\Debug
arm-none-eabi-gcc -mcpu=cortex-m4 -mthumb -mfloat-abi=hard -mfpu=fpv4-sp-d16 -DSTM32 -DSTM32F4 -DSTM32F446RETx -DNUCLEO_F446RE -DDEBUG -DSTM32F446xx -DUSE_STDPERIPH_DRIVER -I"C:/Users/kolom/OneDrive/codes/CPL/workspace_CPL/chw4_tlacitko/StdPeriph_Driver/inc" -I"C:/Users/kolom/OneDrive/codes/CPL/workspace_CPL/chw4_tlacitko/inc" -I"C:/Users/kolom/OneDrive/codes/CPL/workspace_CPL/chw4_tlacitko/CMSIS/device" -I"C:/Users/kolom/OneDrive/codes/CPL/workspace_CPL/chw4_tlacitko/CMSIS/core" -O0 -g3 -Wall -fmessage-length=0 -ffunction-sections -c -MMD -MP -MF"StdPeriph_Driver/src/stm32f4xx_iwdg.d" -MT"StdPeriph_Driver/src/stm32f4xx_iwdg.o" -o "StdPeriph_Driver/src/stm32f4xx_iwdg.o" "../StdPeriph_Driver/src/stm32f4xx_iwdg.c"
 
C:\Users\kolom\OneDrive\codes\CPL\workspace_CPL\chw4_tlacitko\Debug
arm-none-eabi-gcc -mcpu=cortex-m4 -mthumb -mfloat-abi=hard -mfpu=fpv4-sp-d16 -DSTM32 -DSTM32F4 -DSTM32F446RETx -DNUCLEO_F446RE -DDEBUG -DSTM32F446xx -DUSE_STDPERIPH_DRIVER -I"C:/Users/kolom/OneDrive/codes/CPL/workspace_CPL/chw4_tlacitko/StdPeriph_Driver/inc" -I"C:/Users/kolom/OneDrive/codes/CPL/workspace_CPL/chw4_tlacitko/inc" -I"C:/Users/kolom/OneDrive/codes/CPL/workspace_CPL/chw4_tlacitko/CMSIS/device" -I"C:/Users/kolom/OneDrive/codes/CPL/workspace_CPL/chw4_tlacitko/CMSIS/core" -O0 -g3 -Wall -fmessage-length=0 -ffunction-sections -c -MMD -MP -MF"StdPeriph_Driver/src/stm32f4xx_lptim.d" -MT"StdPeriph_Driver/src/stm32f4xx_lptim.o" -o "StdPeriph_Driver/src/stm32f4xx_lptim.o" "../StdPeriph_Driver/src/stm32f4xx_lptim.c"
Building file: ../StdPeriph_Driver/src/stm32f4xx_ltdc.c
Invoking: MCU GCC Compiler
C:\Users\kolom\OneDrive\codes\CPL\workspace_CPL\chw4_tlacitko\Debug
arm-none-eabi-gcc -mcpu=cortex-m4 -mthumb -mfloat-abi=hard -mfpu=fpv4-sp-d16 -DSTM32 -DSTM32F4 -DSTM32F446RETx -DNUCLEO_F446RE -DDEBUG -DSTM32F446xx -DUSE_STDPERIPH_DRIVER -I"C:/Users/kolom/OneDrive/codes/CPL/workspace_CPL/chw4_tlacitko/StdPeriph_Driver/inc" -I"C:/Users/kolom/OneDrive/codes/CPL/workspace_CPL/chw4_tlacitko/inc" -I"C:/Users/kolom/OneDrive/codes/CPL/workspace_CPL/chw4_tlacitko/CMSIS/device" -I"C:/Users/kolom/OneDrive/codes/CPL/workspace_CPL/chw4_tlacitko/CMSIS/core" -O0 -g3 -Wall -fmessage-length=0 -ffunction-sections -c -MMD -MP -MF"StdPeriph_Driver/src/stm32f4xx_ltdc.d" -MT"StdPeriph_Driver/src/stm32f4xx_ltdc.o" -o "StdPeriph_Driver/src/stm32f4xx_ltdc.o" "../StdPeriph_Driver/src/stm32f4xx_ltdc.c"
Finished building: ../StdPeriph_Driver/src/stm32f4xx_gpio.c
Finished building: ../StdPeriph_Driver/src/stm32f4xx_hash_md5.c
 
Building file: ../StdPeriph_Driver/src/stm32f4xx_pwr.c
 
Finished building: ../StdPeriph_Driver/src/stm32f4xx_hash.c
Invoking: MCU GCC Compiler
Finished building: ../StdPeriph_Driver/src/stm32f4xx_hash_sha1.c
 
Finished building: ../StdPeriph_Driver/src/stm32f4xx_iwdg.c
Building file: ../StdPeriph_Driver/src/stm32f4xx_qspi.c
 
Building file: ../StdPeriph_Driver/src/stm32f4xx_rcc.c
C:\Users\kolom\OneDrive\codes\CPL\workspace_CPL\chw4_tlacitko\Debug
Invoking: MCU GCC Compiler
 
arm-none-eabi-gcc -mcpu=cortex-m4 -mthumb -mfloat-abi=hard -mfpu=fpv4-sp-d16 -DSTM32 -DSTM32F4 -DSTM32F446RETx -DNUCLEO_F446RE -DDEBUG -DSTM32F446xx -DUSE_STDPERIPH_DRIVER -I"C:/Users/kolom/OneDrive/codes/CPL/workspace_CPL/chw4_tlacitko/StdPeriph_Driver/inc" -I"C:/Users/kolom/OneDrive/codes/CPL/workspace_CPL/chw4_tlacitko/inc" -I"C:/Users/kolom/OneDrive/codes/CPL/workspace_CPL/chw4_tlacitko/CMSIS/device" -I"C:/Users/kolom/OneDrive/codes/CPL/workspace_CPL/chw4_tlacitko/CMSIS/core" -O0 -g3 -Wall -fmessage-length=0 -ffunction-sections -c -MMD -MP -MF"StdPeriph_Driver/src/stm32f4xx_pwr.d" -MT"StdPeriph_Driver/src/stm32f4xx_pwr.o" -o "StdPeriph_Driver/src/stm32f4xx_pwr.o" "../StdPeriph_Driver/src/stm32f4xx_pwr.c"
Invoking: MCU GCC Compiler
C:\Users\kolom\OneDrive\codes\CPL\workspace_CPL\chw4_tlacitko\Debug
arm-none-eabi-gcc -mcpu=cortex-m4 -mthumb -mfloat-abi=hard -mfpu=fpv4-sp-d16 -DSTM32 -DSTM32F4 -DSTM32F446RETx -DNUCLEO_F446RE -DDEBUG -DSTM32F446xx -DUSE_STDPERIPH_DRIVER -I"C:/Users/kolom/OneDrive/codes/CPL/workspace_CPL/chw4_tlacitko/StdPeriph_Driver/inc" -I"C:/Users/kolom/OneDrive/codes/CPL/workspace_CPL/chw4_tlacitko/inc" -I"C:/Users/kolom/OneDrive/codes/CPL/workspace_CPL/chw4_tlacitko/CMSIS/device" -I"C:/Users/kolom/OneDrive/codes/CPL/workspace_CPL/chw4_tlacitko/CMSIS/core" -O0 -g3 -Wall -fmessage-length=0 -ffunction-sections -c -MMD -MP -MF"StdPeriph_Driver/src/stm32f4xx_qspi.d" -MT"StdPeriph_Driver/src/stm32f4xx_qspi.o" -o "StdPeriph_Driver/src/stm32f4xx_qspi.o" "../StdPeriph_Driver/src/stm32f4xx_qspi.c"
Building file: ../StdPeriph_Driver/src/stm32f4xx_rng.c
C:\Users\kolom\OneDrive\codes\CPL\workspace_CPL\chw4_tlacitko\Debug
Building file: ../StdPeriph_Driver/src/stm32f4xx_rtc.c
arm-none-eabi-gcc -mcpu=cortex-m4 -mthumb -mfloat-abi=hard -mfpu=fpv4-sp-d16 -DSTM32 -DSTM32F4 -DSTM32F446RETx -DNUCLEO_F446RE -DDEBUG -DSTM32F446xx -DUSE_STDPERIPH_DRIVER -I"C:/Users/kolom/OneDrive/codes/CPL/workspace_CPL/chw4_tlacitko/StdPeriph_Driver/inc" -I"C:/Users/kolom/OneDrive/codes/CPL/workspace_CPL/chw4_tlacitko/inc" -I"C:/Users/kolom/OneDrive/codes/CPL/workspace_CPL/chw4_tlacitko/CMSIS/device" -I"C:/Users/kolom/OneDrive/codes/CPL/workspace_CPL/chw4_tlacitko/CMSIS/core" -O0 -g3 -Wall -fmessage-length=0 -ffunction-sections -c -MMD -MP -MF"StdPeriph_Driver/src/stm32f4xx_rcc.d" -MT"StdPeriph_Driver/src/stm32f4xx_rcc.o" -o "StdPeriph_Driver/src/stm32f4xx_rcc.o" "../StdPeriph_Driver/src/stm32f4xx_rcc.c"
Invoking: MCU GCC Compiler
Finished building: ../StdPeriph_Driver/src/stm32f4xx_i2c.c
Invoking: MCU GCC Compiler
C:\Users\kolom\OneDrive\codes\CPL\workspace_CPL\chw4_tlacitko\Debug
arm-none-eabi-gcc -mcpu=cortex-m4 -mthumb -mfloat-abi=hard -mfpu=fpv4-sp-d16 -DSTM32 -DSTM32F4 -DSTM32F446RETx -DNUCLEO_F446RE -DDEBUG -DSTM32F446xx -DUSE_STDPERIPH_DRIVER -I"C:/Users/kolom/OneDrive/codes/CPL/workspace_CPL/chw4_tlacitko/StdPeriph_Driver/inc" -I"C:/Users/kolom/OneDrive/codes/CPL/workspace_CPL/chw4_tlacitko/inc" -I"C:/Users/kolom/OneDrive/codes/CPL/workspace_CPL/chw4_tlacitko/CMSIS/device" -I"C:/Users/kolom/OneDrive/codes/CPL/workspace_CPL/chw4_tlacitko/CMSIS/core" -O0 -g3 -Wall -fmessage-length=0 -ffunction-sections -c -MMD -MP -MF"StdPeriph_Driver/src/stm32f4xx_rng.d" -MT"StdPeriph_Driver/src/stm32f4xx_rng.o" -o "StdPeriph_Driver/src/stm32f4xx_rng.o" "../StdPeriph_Driver/src/stm32f4xx_rng.c"
C:\Users\kolom\OneDrive\codes\CPL\workspace_CPL\chw4_tlacitko\Debug
 
arm-none-eabi-gcc -mcpu=cortex-m4 -mthumb -mfloat-abi=hard -mfpu=fpv4-sp-d16 -DSTM32 -DSTM32F4 -DSTM32F446RETx -DNUCLEO_F446RE -DDEBUG -DSTM32F446xx -DUSE_STDPERIPH_DRIVER -I"C:/Users/kolom/OneDrive/codes/CPL/workspace_CPL/chw4_tlacitko/StdPeriph_Driver/inc" -I"C:/Users/kolom/OneDrive/codes/CPL/workspace_CPL/chw4_tlacitko/inc" -I"C:/Users/kolom/OneDrive/codes/CPL/workspace_CPL/chw4_tlacitko/CMSIS/device" -I"C:/Users/kolom/OneDrive/codes/CPL/workspace_CPL/chw4_tlacitko/CMSIS/core" -O0 -g3 -Wall -fmessage-length=0 -ffunction-sections -c -MMD -MP -MF"StdPeriph_Driver/src/stm32f4xx_rtc.d" -MT"StdPeriph_Driver/src/stm32f4xx_rtc.o" -o "StdPeriph_Driver/src/stm32f4xx_rtc.o" "../StdPeriph_Driver/src/stm32f4xx_rtc.c"
Finished building: ../StdPeriph_Driver/src/stm32f4xx_lptim.c
Building file: ../StdPeriph_Driver/src/stm32f4xx_sai.c
Finished building: ../StdPeriph_Driver/src/stm32f4xx_ltdc.c
 
Invoking: MCU GCC Compiler
C:\Users\kolom\OneDrive\codes\CPL\workspace_CPL\chw4_tlacitko\Debug
 
Building file: ../StdPeriph_Driver/src/stm32f4xx_sdio.c
arm-none-eabi-gcc -mcpu=cortex-m4 -mthumb -mfloat-abi=hard -mfpu=fpv4-sp-d16 -DSTM32 -DSTM32F4 -DSTM32F446RETx -DNUCLEO_F446RE -DDEBUG -DSTM32F446xx -DUSE_STDPERIPH_DRIVER -I"C:/Users/kolom/OneDrive/codes/CPL/workspace_CPL/chw4_tlacitko/StdPeriph_Driver/inc" -I"C:/Users/kolom/OneDrive/codes/CPL/workspace_CPL/chw4_tlacitko/inc" -I"C:/Users/kolom/OneDrive/codes/CPL/workspace_CPL/chw4_tlacitko/CMSIS/device" -I"C:/Users/kolom/OneDrive/codes/CPL/workspace_CPL/chw4_tlacitko/CMSIS/core" -O0 -g3 -Wall -fmessage-length=0 -ffunction-sections -c -MMD -MP -MF"StdPeriph_Driver/src/stm32f4xx_sai.d" -MT"StdPeriph_Driver/src/stm32f4xx_sai.o" -o "StdPeriph_Driver/src/stm32f4xx_sai.o" "../StdPeriph_Driver/src/stm32f4xx_sai.c"
Invoking: MCU GCC Compiler
Building file: ../StdPeriph_Driver/src/stm32f4xx_spdifrx.c
C:\Users\kolom\OneDrive\codes\CPL\workspace_CPL\chw4_tlacitko\Debug
arm-none-eabi-gcc -mcpu=cortex-m4 -mthumb -mfloat-abi=hard -mfpu=fpv4-sp-d16 -DSTM32 -DSTM32F4 -DSTM32F446RETx -DNUCLEO_F446RE -DDEBUG -DSTM32F446xx -DUSE_STDPERIPH_DRIVER -I"C:/Users/kolom/OneDrive/codes/CPL/workspace_CPL/chw4_tlacitko/StdPeriph_Driver/inc" -I"C:/Users/kolom/OneDrive/codes/CPL/workspace_CPL/chw4_tlacitko/inc" -I"C:/Users/kolom/OneDrive/codes/CPL/workspace_CPL/chw4_tlacitko/CMSIS/device" -I"C:/Users/kolom/OneDrive/codes/CPL/workspace_CPL/chw4_tlacitko/CMSIS/core" -O0 -g3 -Wall -fmessage-length=0 -ffunction-sections -c -MMD -MP -MF"StdPeriph_Driver/src/stm32f4xx_sdio.d" -MT"StdPeriph_Driver/src/stm32f4xx_sdio.o" -o "StdPeriph_Driver/src/stm32f4xx_sdio.o" "../StdPeriph_Driver/src/stm32f4xx_sdio.c"
Invoking: MCU GCC Compiler
C:\Users\kolom\OneDrive\codes\CPL\workspace_CPL\chw4_tlacitko\Debug
arm-none-eabi-gcc -mcpu=cortex-m4 -mthumb -mfloat-abi=hard -mfpu=fpv4-sp-d16 -DSTM32 -DSTM32F4 -DSTM32F446RETx -DNUCLEO_F446RE -DDEBUG -DSTM32F446xx -DUSE_STDPERIPH_DRIVER -I"C:/Users/kolom/OneDrive/codes/CPL/workspace_CPL/chw4_tlacitko/StdPeriph_Driver/inc" -I"C:/Users/kolom/OneDrive/codes/CPL/workspace_CPL/chw4_tlacitko/inc" -I"C:/Users/kolom/OneDrive/codes/CPL/workspace_CPL/chw4_tlacitko/CMSIS/device" -I"C:/Users/kolom/OneDrive/codes/CPL/workspace_CPL/chw4_tlacitko/CMSIS/core" -O0 -g3 -Wall -fmessage-length=0 -ffunction-sections -c -MMD -MP -MF"StdPeriph_Driver/src/stm32f4xx_spdifrx.d" -MT"StdPeriph_Driver/src/stm32f4xx_spdifrx.o" -o "StdPeriph_Driver/src/stm32f4xx_spdifrx.o" "../StdPeriph_Driver/src/stm32f4xx_spdifrx.c"
Finished building: ../StdPeriph_Driver/src/stm32f4xx_qspi.c
 
Building file: ../StdPeriph_Driver/src/stm32f4xx_spi.c
Invoking: MCU GCC Compiler
C:\Users\kolom\OneDrive\codes\CPL\workspace_CPL\chw4_tlacitko\Debug
arm-none-eabi-gcc -mcpu=cortex-m4 -mthumb -mfloat-abi=hard -mfpu=fpv4-sp-d16 -DSTM32 -DSTM32F4 -DSTM32F446RETx -DNUCLEO_F446RE -DDEBUG -DSTM32F446xx -DUSE_STDPERIPH_DRIVER -I"C:/Users/kolom/OneDrive/codes/CPL/workspace_CPL/chw4_tlacitko/StdPeriph_Driver/inc" -I"C:/Users/kolom/OneDrive/codes/CPL/workspace_CPL/chw4_tlacitko/inc" -I"C:/Users/kolom/OneDrive/codes/CPL/workspace_CPL/chw4_tlacitko/CMSIS/device" -I"C:/Users/kolom/OneDrive/codes/CPL/workspace_CPL/chw4_tlacitko/CMSIS/core" -O0 -g3 -Wall -fmessage-length=0 -ffunction-sections -c -MMD -MP -MF"StdPeriph_Driver/src/stm32f4xx_spi.d" -MT"StdPeriph_Driver/src/stm32f4xx_spi.o" -o "StdPeriph_Driver/src/stm32f4xx_spi.o" "../StdPeriph_Driver/src/stm32f4xx_spi.c"
Finished building: ../StdPeriph_Driver/src/stm32f4xx_spdifrx.c
 
Finished building: ../StdPeriph_Driver/src/stm32f4xx_pwr.c
Building file: ../StdPeriph_Driver/src/stm32f4xx_syscfg.c
Finished building: ../StdPeriph_Driver/src/stm32f4xx_rcc.c
 
Invoking: MCU GCC Compiler
 
Building file: ../StdPeriph_Driver/src/stm32f4xx_tim.c
C:\Users\kolom\OneDrive\codes\CPL\workspace_CPL\chw4_tlacitko\Debug
arm-none-eabi-gcc -mcpu=cortex-m4 -mthumb -mfloat-abi=hard -mfpu=fpv4-sp-d16 -DSTM32 -DSTM32F4 -DSTM32F446RETx -DNUCLEO_F446RE -DDEBUG -DSTM32F446xx -DUSE_STDPERIPH_DRIVER -I"C:/Users/kolom/OneDrive/codes/CPL/workspace_CPL/chw4_tlacitko/StdPeriph_Driver/inc" -I"C:/Users/kolom/OneDrive/codes/CPL/workspace_CPL/chw4_tlacitko/inc" -I"C:/Users/kolom/OneDrive/codes/CPL/workspace_CPL/chw4_tlacitko/CMSIS/device" -I"C:/Users/kolom/OneDrive/codes/CPL/workspace_CPL/chw4_tlacitko/CMSIS/core" -O0 -g3 -Wall -fmessage-length=0 -ffunction-sections -c -MMD -MP -MF"StdPeriph_Driver/src/stm32f4xx_syscfg.d" -MT"StdPeriph_Driver/src/stm32f4xx_syscfg.o" -o "StdPeriph_Driver/src/stm32f4xx_syscfg.o" "../StdPeriph_Driver/src/stm32f4xx_syscfg.c"
Building file: ../StdPeriph_Driver/src/stm32f4xx_usart.c
Invoking: MCU GCC Compiler
Invoking: MCU GCC Compiler
C:\Users\kolom\OneDrive\codes\CPL\workspace_CPL\chw4_tlacitko\Debug
arm-none-eabi-gcc -mcpu=cortex-m4 -mthumb -mfloat-abi=hard -mfpu=fpv4-sp-d16 -DSTM32 -DSTM32F4 -DSTM32F446RETx -DNUCLEO_F446RE -DDEBUG -DSTM32F446xx -DUSE_STDPERIPH_DRIVER -I"C:/Users/kolom/OneDrive/codes/CPL/workspace_CPL/chw4_tlacitko/StdPeriph_Driver/inc" -I"C:/Users/kolom/OneDrive/codes/CPL/workspace_CPL/chw4_tlacitko/inc" -I"C:/Users/kolom/OneDrive/codes/CPL/workspace_CPL/chw4_tlacitko/CMSIS/device" -I"C:/Users/kolom/OneDrive/codes/CPL/workspace_CPL/chw4_tlacitko/CMSIS/core" -O0 -g3 -Wall -fmessage-length=0 -ffunction-sections -c -MMD -MP -MF"StdPeriph_Driver/src/stm32f4xx_tim.d" -MT"StdPeriph_Driver/src/stm32f4xx_tim.o" -o "StdPeriph_Driver/src/stm32f4xx_tim.o" "../StdPeriph_Driver/src/stm32f4xx_tim.c"
C:\Users\kolom\OneDrive\codes\CPL\workspace_CPL\chw4_tlacitko\Debug
arm-none-eabi-gcc -mcpu=cortex-m4 -mthumb -mfloat-abi=hard -mfpu=fpv4-sp-d16 -DSTM32 -DSTM32F4 -DSTM32F446RETx -DNUCLEO_F446RE -DDEBUG -DSTM32F446xx -DUSE_STDPERIPH_DRIVER -I"C:/Users/kolom/OneDrive/codes/CPL/workspace_CPL/chw4_tlacitko/StdPeriph_Driver/inc" -I"C:/Users/kolom/OneDrive/codes/CPL/workspace_CPL/chw4_tlacitko/inc" -I"C:/Users/kolom/OneDrive/codes/CPL/workspace_CPL/chw4_tlacitko/CMSIS/device" -I"C:/Users/kolom/OneDrive/codes/CPL/workspace_CPL/chw4_tlacitko/CMSIS/core" -O0 -g3 -Wall -fmessage-length=0 -ffunction-sections -c -MMD -MP -MF"StdPeriph_Driver/src/stm32f4xx_usart.d" -MT"StdPeriph_Driver/src/stm32f4xx_usart.o" -o "StdPeriph_Driver/src/stm32f4xx_usart.o" "../StdPeriph_Driver/src/stm32f4xx_usart.c"
Finished building: ../StdPeriph_Driver/src/stm32f4xx_rng.c
 
Building file: ../StdPeriph_Driver/src/stm32f4xx_wwdg.c
Finished building: ../StdPeriph_Driver/src/stm32f4xx_sdio.c
Invoking: MCU GCC Compiler
Finished building: ../StdPeriph_Driver/src/stm32f4xx_sai.c
 
 
C:\Users\kolom\OneDrive\codes\CPL\workspace_CPL\chw4_tlacitko\Debug
arm-none-eabi-gcc -mcpu=cortex-m4 -mthumb -mfloat-abi=hard -mfpu=fpv4-sp-d16 -DSTM32 -DSTM32F4 -DSTM32F446RETx -DNUCLEO_F446RE -DDEBUG -DSTM32F446xx -DUSE_STDPERIPH_DRIVER -I"C:/Users/kolom/OneDrive/codes/CPL/workspace_CPL/chw4_tlacitko/StdPeriph_Driver/inc" -I"C:/Users/kolom/OneDrive/codes/CPL/workspace_CPL/chw4_tlacitko/inc" -I"C:/Users/kolom/OneDrive/codes/CPL/workspace_CPL/chw4_tlacitko/CMSIS/device" -I"C:/Users/kolom/OneDrive/codes/CPL/workspace_CPL/chw4_tlacitko/CMSIS/core" -O0 -g3 -Wall -fmessage-length=0 -ffunction-sections -c -MMD -MP -MF"StdPeriph_Driver/src/stm32f4xx_wwdg.d" -MT"StdPeriph_Driver/src/stm32f4xx_wwdg.o" -o "StdPeriph_Driver/src/stm32f4xx_wwdg.o" "../StdPeriph_Driver/src/stm32f4xx_wwdg.c"
Finished building: ../StdPeriph_Driver/src/stm32f4xx_rtc.c
 
Finished building: ../StdPeriph_Driver/src/stm32f4xx_spi.c
 
Finished building: ../StdPeriph_Driver/src/stm32f4xx_syscfg.c
 
Finished building: ../StdPeriph_Driver/src/stm32f4xx_usart.c
 
Finished building: ../StdPeriph_Driver/src/stm32f4xx_tim.c
Finished building: ../StdPeriph_Driver/src/stm32f4xx_wwdg.c
 
 
Building target: chw4_tlacitko.elf
Invoking: MCU GCC Linker
arm-none-eabi-gcc -mcpu=cortex-m4 -mthumb -mfloat-abi=hard -mfpu=fpv4-sp-d16 -T"C:/Users/kolom/OneDrive/codes/CPL/workspace_CPL/chw4_tlacitko/LinkerScript.ld" -Wl,-Map=output.map -Wl,--gc-sections -o "chw4_tlacitko.elf" @"objects.list"   -lm
Finished building target: chw4_tlacitko.elf
 
make --no-print-directory post-build
Generating binary and Printing size information:
arm-none-eabi-objcopy -O binary "chw4_tlacitko.elf" "chw4_tlacitko.bin"
arm-none-eabi-size "chw4_tlacitko.elf"
   text	   data	    bss	    dec	    hex	filename
   4636	   1096	   1092	   6824	   1aa8	chw4_tlacitko.elf
 
20:08:59 **** Incremental Build of configuration Debug for project chw4_tlacitko ****
make -j8 all 
make: Nothing to be done for 'all'.
21:40:02 **** Incremental Build of configuration Debug for project chw4_tlacitko ****
make -j8 all 
make: Nothing to be done for 'all'.
10:31:54 **** Build of configuration Debug for project chw4_tlacitko ****
make -j4 all 
make: Nothing to be done for 'all'.
10:40:11 **** Incremental Build of configuration Debug for project chw4_tlacitko ****
make -j4 all 
make: Nothing to be done for 'all'.
10:42:24 **** Incremental Build of configuration Debug for project chw4_tlacitko ****
make -j4 all 
make: Nothing to be done for 'all'.
11:08:17 **** Incremental Build of configuration Debug for project chw4_tlacitko ****
make -j4 all 
make: Nothing to be done for 'all'.
11:10:12 **** Incremental Build of configuration Debug for project chw4_tlacitko ****
make -j4 all 
make: Nothing to be done for 'all'.
15:26:29 **** Incremental Build of configuration Debug for project chw4_tlacitko ****
make -j8 all 
Building file: ../src/main.c
Invoking: MCU GCC Compiler
D:\codes\CPL\workspace_CPL\chw4_tlacitko\Debug
arm-none-eabi-gcc -mcpu=cortex-m4 -mthumb -mfloat-abi=hard -mfpu=fpv4-sp-d16 -DSTM32 -DSTM32F4 -DSTM32F446RETx -DNUCLEO_F446RE -DDEBUG -DSTM32F446xx -DUSE_STDPERIPH_DRIVER -I"D:/codes/CPL/workspace_CPL/chw4_tlacitko/StdPeriph_Driver/inc" -I"D:/codes/CPL/workspace_CPL/chw4_tlacitko/inc" -I"D:/codes/CPL/workspace_CPL/chw4_tlacitko/CMSIS/device" -I"D:/codes/CPL/workspace_CPL/chw4_tlacitko/CMSIS/core" -O0 -g3 -Wall -fmessage-length=0 -ffunction-sections -c -MMD -MP -MF"src/main.d" -MT"src/main.o" -o "src/main.o" "../src/main.c"
../src/main.c: In function 'main':
../src/main.c:162:7: warning: variable 'btInputBuff' set but not used [-Wunused-but-set-variable]
  char btInputBuff[255];
       ^~~~~~~~~~~
Finished building: ../src/main.c
 
Building target: chw4_tlacitko.elf
Invoking: MCU GCC Linker
arm-none-eabi-gcc -mcpu=cortex-m4 -mthumb -mfloat-abi=hard -mfpu=fpv4-sp-d16 -T"D:/codes/CPL/workspace_CPL/chw4_tlacitko/LinkerScript.ld" -Wl,-Map=output.map -Wl,--gc-sections -o "chw4_tlacitko.elf" @"objects.list"   -lm
Finished building target: chw4_tlacitko.elf
 
make --no-print-directory post-build
Generating binary and Printing size information:
arm-none-eabi-objcopy -O binary "chw4_tlacitko.elf" "chw4_tlacitko.bin"
arm-none-eabi-size "chw4_tlacitko.elf"
   text	   data	    bss	    dec	    hex	filename
   4704	   1096	   1092	   6892	   1aec	chw4_tlacitko.elf
 
17:17:12 **** Incremental Build of configuration Debug for project chw4_tlacitko ****
make -j8 all 
make: Nothing to be done for 'all'.
17:29:06 **** Incremental Build of configuration Debug for project chw4_tlacitko ****
make -j8 all 
Building file: ../src/main.c
Invoking: MCU GCC Compiler
D:\codes\CPL\workspace_CPL\chw4_tlacitko\Debug
arm-none-eabi-gcc -mcpu=cortex-m4 -mthumb -mfloat-abi=hard -mfpu=fpv4-sp-d16 -DSTM32 -DSTM32F4 -DSTM32F446RETx -DNUCLEO_F446RE -DDEBUG -DSTM32F446xx -DUSE_STDPERIPH_DRIVER -I"D:/codes/CPL/workspace_CPL/chw4_tlacitko/StdPeriph_Driver/inc" -I"D:/codes/CPL/workspace_CPL/chw4_tlacitko/inc" -I"D:/codes/CPL/workspace_CPL/chw4_tlacitko/CMSIS/device" -I"D:/codes/CPL/workspace_CPL/chw4_tlacitko/CMSIS/core" -O0 -g3 -Wall -fmessage-length=0 -ffunction-sections -c -MMD -MP -MF"src/main.d" -MT"src/main.o" -o "src/main.o" "../src/main.c"
../src/main.c: In function 'main':
../src/main.c:162:7: warning: variable 'btInputBuff' set but not used [-Wunused-but-set-variable]
  char btInputBuff[255];
       ^~~~~~~~~~~
Finished building: ../src/main.c
 
Building target: chw4_tlacitko.elf
Invoking: MCU GCC Linker
arm-none-eabi-gcc -mcpu=cortex-m4 -mthumb -mfloat-abi=hard -mfpu=fpv4-sp-d16 -T"D:/codes/CPL/workspace_CPL/chw4_tlacitko/LinkerScript.ld" -Wl,-Map=output.map -Wl,--gc-sections -o "chw4_tlacitko.elf" @"objects.list"   -lm
Finished building target: chw4_tlacitko.elf
 
make --no-print-directory post-build
Generating binary and Printing size information:
arm-none-eabi-objcopy -O binary "chw4_tlacitko.elf" "chw4_tlacitko.bin"
arm-none-eabi-size "chw4_tlacitko.elf"
   text	   data	    bss	    dec	    hex	filename
   4724	   1096	   1092	   6912	   1b00	chw4_tlacitko.elf
 
17:32:41 **** Incremental Build of configuration Debug for project chw4_tlacitko ****
make -j8 all 
Building file: ../src/main.c
Invoking: MCU GCC Compiler
D:\codes\CPL\workspace_CPL\chw4_tlacitko\Debug
arm-none-eabi-gcc -mcpu=cortex-m4 -mthumb -mfloat-abi=hard -mfpu=fpv4-sp-d16 -DSTM32 -DSTM32F4 -DSTM32F446RETx -DNUCLEO_F446RE -DDEBUG -DSTM32F446xx -DUSE_STDPERIPH_DRIVER -I"D:/codes/CPL/workspace_CPL/chw4_tlacitko/StdPeriph_Driver/inc" -I"D:/codes/CPL/workspace_CPL/chw4_tlacitko/inc" -I"D:/codes/CPL/workspace_CPL/chw4_tlacitko/CMSIS/device" -I"D:/codes/CPL/workspace_CPL/chw4_tlacitko/CMSIS/core" -O0 -g3 -Wall -fmessage-length=0 -ffunction-sections -c -MMD -MP -MF"src/main.d" -MT"src/main.o" -o "src/main.o" "../src/main.c"
../src/main.c: In function 'main':
../src/main.c:162:7: warning: variable 'btInputBuff' set but not used [-Wunused-but-set-variable]
  char btInputBuff[255];
       ^~~~~~~~~~~
Finished building: ../src/main.c
 
Building target: chw4_tlacitko.elf
Invoking: MCU GCC Linker
arm-none-eabi-gcc -mcpu=cortex-m4 -mthumb -mfloat-abi=hard -mfpu=fpv4-sp-d16 -T"D:/codes/CPL/workspace_CPL/chw4_tlacitko/LinkerScript.ld" -Wl,-Map=output.map -Wl,--gc-sections -o "chw4_tlacitko.elf" @"objects.list"   -lm
Finished building target: chw4_tlacitko.elf
 
make --no-print-directory post-build
Generating binary and Printing size information:
arm-none-eabi-objcopy -O binary "chw4_tlacitko.elf" "chw4_tlacitko.bin"
arm-none-eabi-size "chw4_tlacitko.elf"
   text	   data	    bss	    dec	    hex	filename
   4704	   1096	   1092	   6892	   1aec	chw4_tlacitko.elf
 
17:32:53 **** Incremental Build of configuration Debug for project chw4_tlacitko ****
make -j8 all 
make: Nothing to be done for 'all'.
17:45:43 **** Incremental Build of configuration Debug for project chw4_tlacitko ****
make -j8 all 
Building file: ../src/main.c
Invoking: MCU GCC Compiler
D:\codes\CPL\workspace_CPL\chw4_tlacitko\Debug
arm-none-eabi-gcc -mcpu=cortex-m4 -mthumb -mfloat-abi=hard -mfpu=fpv4-sp-d16 -DSTM32 -DSTM32F4 -DSTM32F446RETx -DNUCLEO_F446RE -DDEBUG -DSTM32F446xx -DUSE_STDPERIPH_DRIVER -I"D:/codes/CPL/workspace_CPL/chw4_tlacitko/StdPeriph_Driver/inc" -I"D:/codes/CPL/workspace_CPL/chw4_tlacitko/inc" -I"D:/codes/CPL/workspace_CPL/chw4_tlacitko/CMSIS/device" -I"D:/codes/CPL/workspace_CPL/chw4_tlacitko/CMSIS/core" -O0 -g3 -Wall -fmessage-length=0 -ffunction-sections -c -MMD -MP -MF"src/main.d" -MT"src/main.o" -o "src/main.o" "../src/main.c"
../src/main.c: In function 'main':
../src/main.c:162:7: warning: variable 'btInputBuff' set but not used [-Wunused-but-set-variable]
  char btInputBuff[255];
       ^~~~~~~~~~~
Finished building: ../src/main.c
 
Building target: chw4_tlacitko.elf
Invoking: MCU GCC Linker
arm-none-eabi-gcc -mcpu=cortex-m4 -mthumb -mfloat-abi=hard -mfpu=fpv4-sp-d16 -T"D:/codes/CPL/workspace_CPL/chw4_tlacitko/LinkerScript.ld" -Wl,-Map=output.map -Wl,--gc-sections -o "chw4_tlacitko.elf" @"objects.list"   -lm
Finished building target: chw4_tlacitko.elf
 
make --no-print-directory post-build
Generating binary and Printing size information:
arm-none-eabi-objcopy -O binary "chw4_tlacitko.elf" "chw4_tlacitko.bin"
arm-none-eabi-size "chw4_tlacitko.elf"
   text	   data	    bss	    dec	    hex	filename
   4724	   1096	   1092	   6912	   1b00	chw4_tlacitko.elf
 
17:46:30 **** Incremental Build of configuration Debug for project chw4_tlacitko ****
make -j8 all 
Building file: ../src/main.c
Invoking: MCU GCC Compiler
D:\codes\CPL\workspace_CPL\chw4_tlacitko\Debug
arm-none-eabi-gcc -mcpu=cortex-m4 -mthumb -mfloat-abi=hard -mfpu=fpv4-sp-d16 -DSTM32 -DSTM32F4 -DSTM32F446RETx -DNUCLEO_F446RE -DDEBUG -DSTM32F446xx -DUSE_STDPERIPH_DRIVER -I"D:/codes/CPL/workspace_CPL/chw4_tlacitko/StdPeriph_Driver/inc" -I"D:/codes/CPL/workspace_CPL/chw4_tlacitko/inc" -I"D:/codes/CPL/workspace_CPL/chw4_tlacitko/CMSIS/device" -I"D:/codes/CPL/workspace_CPL/chw4_tlacitko/CMSIS/core" -O0 -g3 -Wall -fmessage-length=0 -ffunction-sections -c -MMD -MP -MF"src/main.d" -MT"src/main.o" -o "src/main.o" "../src/main.c"
../src/main.c: In function 'main':
../src/main.c:165:24: error: expected ';' before ')' token
  for(int i = 0; i < 255){
                        ^
../src/main.c:162:7: warning: variable 'btInputBuff' set but not used [-Wunused-but-set-variable]
  char btInputBuff[255];
       ^~~~~~~~~~~
src/subdir.mk:24: recipe for target 'src/main.o' failed
make: *** [src/main.o] Error 1
17:46:46 **** Incremental Build of configuration Debug for project chw4_tlacitko ****
make -j8 all 
Building file: ../src/main.c
Invoking: MCU GCC Compiler
D:\codes\CPL\workspace_CPL\chw4_tlacitko\Debug
arm-none-eabi-gcc -mcpu=cortex-m4 -mthumb -mfloat-abi=hard -mfpu=fpv4-sp-d16 -DSTM32 -DSTM32F4 -DSTM32F446RETx -DNUCLEO_F446RE -DDEBUG -DSTM32F446xx -DUSE_STDPERIPH_DRIVER -I"D:/codes/CPL/workspace_CPL/chw4_tlacitko/StdPeriph_Driver/inc" -I"D:/codes/CPL/workspace_CPL/chw4_tlacitko/inc" -I"D:/codes/CPL/workspace_CPL/chw4_tlacitko/CMSIS/device" -I"D:/codes/CPL/workspace_CPL/chw4_tlacitko/CMSIS/core" -O0 -g3 -Wall -fmessage-length=0 -ffunction-sections -c -MMD -MP -MF"src/main.d" -MT"src/main.o" -o "src/main.o" "../src/main.c"
../src/main.c: In function 'main':
../src/main.c:162:7: warning: variable 'btInputBuff' set but not used [-Wunused-but-set-variable]
  char btInputBuff[255];
       ^~~~~~~~~~~
Finished building: ../src/main.c
 
Building target: chw4_tlacitko.elf
Invoking: MCU GCC Linker
arm-none-eabi-gcc -mcpu=cortex-m4 -mthumb -mfloat-abi=hard -mfpu=fpv4-sp-d16 -T"D:/codes/CPL/workspace_CPL/chw4_tlacitko/LinkerScript.ld" -Wl,-Map=output.map -Wl,--gc-sections -o "chw4_tlacitko.elf" @"objects.list"   -lm
Finished building target: chw4_tlacitko.elf
 
make --no-print-directory post-build
Generating binary and Printing size information:
arm-none-eabi-objcopy -O binary "chw4_tlacitko.elf" "chw4_tlacitko.bin"
arm-none-eabi-size "chw4_tlacitko.elf"
   text	   data	    bss	    dec	    hex	filename
   4760	   1096	   1092	   6948	   1b24	chw4_tlacitko.elf
 
17:51:29 **** Incremental Build of configuration Debug for project chw4_tlacitko ****
make -j8 all 
Building file: ../src/main.c
Invoking: MCU GCC Compiler
D:\codes\CPL\workspace_CPL\chw4_tlacitko\Debug
arm-none-eabi-gcc -mcpu=cortex-m4 -mthumb -mfloat-abi=hard -mfpu=fpv4-sp-d16 -DSTM32 -DSTM32F4 -DSTM32F446RETx -DNUCLEO_F446RE -DDEBUG -DSTM32F446xx -DUSE_STDPERIPH_DRIVER -I"D:/codes/CPL/workspace_CPL/chw4_tlacitko/StdPeriph_Driver/inc" -I"D:/codes/CPL/workspace_CPL/chw4_tlacitko/inc" -I"D:/codes/CPL/workspace_CPL/chw4_tlacitko/CMSIS/device" -I"D:/codes/CPL/workspace_CPL/chw4_tlacitko/CMSIS/core" -O0 -g3 -Wall -fmessage-length=0 -ffunction-sections -c -MMD -MP -MF"src/main.d" -MT"src/main.o" -o "src/main.o" "../src/main.c"
../src/main.c: In function 'main':
../src/main.c:162:7: warning: variable 'btInputBuff' set but not used [-Wunused-but-set-variable]
  char btInputBuff[255];
       ^~~~~~~~~~~
Finished building: ../src/main.c
 
Building target: chw4_tlacitko.elf
Invoking: MCU GCC Linker
arm-none-eabi-gcc -mcpu=cortex-m4 -mthumb -mfloat-abi=hard -mfpu=fpv4-sp-d16 -T"D:/codes/CPL/workspace_CPL/chw4_tlacitko/LinkerScript.ld" -Wl,-Map=output.map -Wl,--gc-sections -o "chw4_tlacitko.elf" @"objects.list"   -lm
Finished building target: chw4_tlacitko.elf
 
make --no-print-directory post-build
Generating binary and Printing size information:
arm-none-eabi-objcopy -O binary "chw4_tlacitko.elf" "chw4_tlacitko.bin"
arm-none-eabi-size "chw4_tlacitko.elf"
   text	   data	    bss	    dec	    hex	filename
   4760	   1096	   1092	   6948	   1b24	chw4_tlacitko.elf
 
17:52:33 **** Incremental Build of configuration Debug for project chw4_tlacitko ****
make -j8 all 
Building file: ../src/main.c
Invoking: MCU GCC Compiler
D:\codes\CPL\workspace_CPL\chw4_tlacitko\Debug
arm-none-eabi-gcc -mcpu=cortex-m4 -mthumb -mfloat-abi=hard -mfpu=fpv4-sp-d16 -DSTM32 -DSTM32F4 -DSTM32F446RETx -DNUCLEO_F446RE -DDEBUG -DSTM32F446xx -DUSE_STDPERIPH_DRIVER -I"D:/codes/CPL/workspace_CPL/chw4_tlacitko/StdPeriph_Driver/inc" -I"D:/codes/CPL/workspace_CPL/chw4_tlacitko/inc" -I"D:/codes/CPL/workspace_CPL/chw4_tlacitko/CMSIS/device" -I"D:/codes/CPL/workspace_CPL/chw4_tlacitko/CMSIS/core" -O0 -g3 -Wall -fmessage-length=0 -ffunction-sections -c -MMD -MP -MF"src/main.d" -MT"src/main.o" -o "src/main.o" "../src/main.c"
../src/main.c: In function 'main':
../src/main.c:162:7: warning: variable 'btInputBuff' set but not used [-Wunused-but-set-variable]
  char btInputBuff[255];
       ^~~~~~~~~~~
Finished building: ../src/main.c
 
Building target: chw4_tlacitko.elf
Invoking: MCU GCC Linker
arm-none-eabi-gcc -mcpu=cortex-m4 -mthumb -mfloat-abi=hard -mfpu=fpv4-sp-d16 -T"D:/codes/CPL/workspace_CPL/chw4_tlacitko/LinkerScript.ld" -Wl,-Map=output.map -Wl,--gc-sections -o "chw4_tlacitko.elf" @"objects.list"   -lm
Finished building target: chw4_tlacitko.elf
 
make --no-print-directory post-build
Generating binary and Printing size information:
arm-none-eabi-objcopy -O binary "chw4_tlacitko.elf" "chw4_tlacitko.bin"
arm-none-eabi-size "chw4_tlacitko.elf"
   text	   data	    bss	    dec	    hex	filename
   4744	   1096	   1092	   6932	   1b14	chw4_tlacitko.elf
 
17:54:10 **** Incremental Build of configuration Debug for project chw4_tlacitko ****
make -j8 all 
Building file: ../src/main.c
Invoking: MCU GCC Compiler
D:\codes\CPL\workspace_CPL\chw4_tlacitko\Debug
arm-none-eabi-gcc -mcpu=cortex-m4 -mthumb -mfloat-abi=hard -mfpu=fpv4-sp-d16 -DSTM32 -DSTM32F4 -DSTM32F446RETx -DNUCLEO_F446RE -DDEBUG -DSTM32F446xx -DUSE_STDPERIPH_DRIVER -I"D:/codes/CPL/workspace_CPL/chw4_tlacitko/StdPeriph_Driver/inc" -I"D:/codes/CPL/workspace_CPL/chw4_tlacitko/inc" -I"D:/codes/CPL/workspace_CPL/chw4_tlacitko/CMSIS/device" -I"D:/codes/CPL/workspace_CPL/chw4_tlacitko/CMSIS/core" -O0 -g3 -Wall -fmessage-length=0 -ffunction-sections -c -MMD -MP -MF"src/main.d" -MT"src/main.o" -o "src/main.o" "../src/main.c"
../src/main.c: In function 'main':
../src/main.c:162:7: warning: variable 'btInputBuff' set but not used [-Wunused-but-set-variable]
  char btInputBuff[255];
       ^~~~~~~~~~~
Finished building: ../src/main.c
 
Building target: chw4_tlacitko.elf
Invoking: MCU GCC Linker
arm-none-eabi-gcc -mcpu=cortex-m4 -mthumb -mfloat-abi=hard -mfpu=fpv4-sp-d16 -T"D:/codes/CPL/workspace_CPL/chw4_tlacitko/LinkerScript.ld" -Wl,-Map=output.map -Wl,--gc-sections -o "chw4_tlacitko.elf" @"objects.list"   -lm
Finished building target: chw4_tlacitko.elf
 
make --no-print-directory post-build
Generating binary and Printing size information:
arm-none-eabi-objcopy -O binary "chw4_tlacitko.elf" "chw4_tlacitko.bin"
arm-none-eabi-size "chw4_tlacitko.elf"
   text	   data	    bss	    dec	    hex	filename
   4552	   1096	   1092	   6740	   1a54	chw4_tlacitko.elf
 
17:55:40 **** Incremental Build of configuration Debug for project chw4_tlacitko ****
make -j8 all 
Building file: ../src/main.c
Invoking: MCU GCC Compiler
D:\codes\CPL\workspace_CPL\chw4_tlacitko\Debug
arm-none-eabi-gcc -mcpu=cortex-m4 -mthumb -mfloat-abi=hard -mfpu=fpv4-sp-d16 -DSTM32 -DSTM32F4 -DSTM32F446RETx -DNUCLEO_F446RE -DDEBUG -DSTM32F446xx -DUSE_STDPERIPH_DRIVER -I"D:/codes/CPL/workspace_CPL/chw4_tlacitko/StdPeriph_Driver/inc" -I"D:/codes/CPL/workspace_CPL/chw4_tlacitko/inc" -I"D:/codes/CPL/workspace_CPL/chw4_tlacitko/CMSIS/device" -I"D:/codes/CPL/workspace_CPL/chw4_tlacitko/CMSIS/core" -O0 -g3 -Wall -fmessage-length=0 -ffunction-sections -c -MMD -MP -MF"src/main.d" -MT"src/main.o" -o "src/main.o" "../src/main.c"
../src/main.c: In function 'main':
../src/main.c:162:7: warning: variable 'btInputBuff' set but not used [-Wunused-but-set-variable]
  char btInputBuff[255];
       ^~~~~~~~~~~
Finished building: ../src/main.c
 
Building target: chw4_tlacitko.elf
Invoking: MCU GCC Linker
arm-none-eabi-gcc -mcpu=cortex-m4 -mthumb -mfloat-abi=hard -mfpu=fpv4-sp-d16 -T"D:/codes/CPL/workspace_CPL/chw4_tlacitko/LinkerScript.ld" -Wl,-Map=output.map -Wl,--gc-sections -o "chw4_tlacitko.elf" @"objects.list"   -lm
Finished building target: chw4_tlacitko.elf
 
make --no-print-directory post-build
Generating binary and Printing size information:
arm-none-eabi-objcopy -O binary "chw4_tlacitko.elf" "chw4_tlacitko.bin"
arm-none-eabi-size "chw4_tlacitko.elf"
   text	   data	    bss	    dec	    hex	filename
   4552	   1096	   1092	   6740	   1a54	chw4_tlacitko.elf
 
17:58:31 **** Incremental Build of configuration Debug for project chw4_tlacitko ****
make -j8 all 
Building file: ../src/main.c
Invoking: MCU GCC Compiler
D:\codes\CPL\workspace_CPL\chw4_tlacitko\Debug
arm-none-eabi-gcc -mcpu=cortex-m4 -mthumb -mfloat-abi=hard -mfpu=fpv4-sp-d16 -DSTM32 -DSTM32F4 -DSTM32F446RETx -DNUCLEO_F446RE -DDEBUG -DSTM32F446xx -DUSE_STDPERIPH_DRIVER -I"D:/codes/CPL/workspace_CPL/chw4_tlacitko/StdPeriph_Driver/inc" -I"D:/codes/CPL/workspace_CPL/chw4_tlacitko/inc" -I"D:/codes/CPL/workspace_CPL/chw4_tlacitko/CMSIS/device" -I"D:/codes/CPL/workspace_CPL/chw4_tlacitko/CMSIS/core" -O0 -g3 -Wall -fmessage-length=0 -ffunction-sections -c -MMD -MP -MF"src/main.d" -MT"src/main.o" -o "src/main.o" "../src/main.c"
../src/main.c: In function 'main':
../src/main.c:162:7: warning: variable 'btInputBuff' set but not used [-Wunused-but-set-variable]
  char btInputBuff[255];
       ^~~~~~~~~~~
Finished building: ../src/main.c
 
Building target: chw4_tlacitko.elf
Invoking: MCU GCC Linker
arm-none-eabi-gcc -mcpu=cortex-m4 -mthumb -mfloat-abi=hard -mfpu=fpv4-sp-d16 -T"D:/codes/CPL/workspace_CPL/chw4_tlacitko/LinkerScript.ld" -Wl,-Map=output.map -Wl,--gc-sections -o "chw4_tlacitko.elf" @"objects.list"   -lm
Finished building target: chw4_tlacitko.elf
 
make --no-print-directory post-build
Generating binary and Printing size information:
arm-none-eabi-objcopy -O binary "chw4_tlacitko.elf" "chw4_tlacitko.bin"
arm-none-eabi-size "chw4_tlacitko.elf"
   text	   data	    bss	    dec	    hex	filename
   4724	   1096	   1092	   6912	   1b00	chw4_tlacitko.elf
 
17:58:40 **** Incremental Build of configuration Debug for project chw4_tlacitko ****
make -j8 all 
make: Nothing to be done for 'all'.
17:59:48 **** Incremental Build of configuration Debug for project chw4_tlacitko ****
make -j8 all 
Building file: ../src/main.c
Invoking: MCU GCC Compiler
D:\codes\CPL\workspace_CPL\chw4_tlacitko\Debug
arm-none-eabi-gcc -mcpu=cortex-m4 -mthumb -mfloat-abi=hard -mfpu=fpv4-sp-d16 -DSTM32 -DSTM32F4 -DSTM32F446RETx -DNUCLEO_F446RE -DDEBUG -DSTM32F446xx -DUSE_STDPERIPH_DRIVER -I"D:/codes/CPL/workspace_CPL/chw4_tlacitko/StdPeriph_Driver/inc" -I"D:/codes/CPL/workspace_CPL/chw4_tlacitko/inc" -I"D:/codes/CPL/workspace_CPL/chw4_tlacitko/CMSIS/device" -I"D:/codes/CPL/workspace_CPL/chw4_tlacitko/CMSIS/core" -O0 -g3 -Wall -fmessage-length=0 -ffunction-sections -c -MMD -MP -MF"src/main.d" -MT"src/main.o" -o "src/main.o" "../src/main.c"
../src/main.c: In function 'main':
../src/main.c:162:7: warning: variable 'btInputBuff' set but not used [-Wunused-but-set-variable]
  char btInputBuff[255];
       ^~~~~~~~~~~
Finished building: ../src/main.c
 
Building target: chw4_tlacitko.elf
Invoking: MCU GCC Linker
arm-none-eabi-gcc -mcpu=cortex-m4 -mthumb -mfloat-abi=hard -mfpu=fpv4-sp-d16 -T"D:/codes/CPL/workspace_CPL/chw4_tlacitko/LinkerScript.ld" -Wl,-Map=output.map -Wl,--gc-sections -o "chw4_tlacitko.elf" @"objects.list"   -lm
Finished building target: chw4_tlacitko.elf
 
make --no-print-directory post-build
Generating binary and Printing size information:
arm-none-eabi-objcopy -O binary "chw4_tlacitko.elf" "chw4_tlacitko.bin"
arm-none-eabi-size "chw4_tlacitko.elf"
   text	   data	    bss	    dec	    hex	filename
   4588	   1096	   1092	   6776	   1a78	chw4_tlacitko.elf
 
18:01:08 **** Incremental Build of configuration Debug for project chw4_tlacitko ****
make -j8 all 
Building file: ../src/main.c
Invoking: MCU GCC Compiler
D:\codes\CPL\workspace_CPL\chw4_tlacitko\Debug
arm-none-eabi-gcc -mcpu=cortex-m4 -mthumb -mfloat-abi=hard -mfpu=fpv4-sp-d16 -DSTM32 -DSTM32F4 -DSTM32F446RETx -DNUCLEO_F446RE -DDEBUG -DSTM32F446xx -DUSE_STDPERIPH_DRIVER -I"D:/codes/CPL/workspace_CPL/chw4_tlacitko/StdPeriph_Driver/inc" -I"D:/codes/CPL/workspace_CPL/chw4_tlacitko/inc" -I"D:/codes/CPL/workspace_CPL/chw4_tlacitko/CMSIS/device" -I"D:/codes/CPL/workspace_CPL/chw4_tlacitko/CMSIS/core" -O0 -g3 -Wall -fmessage-length=0 -ffunction-sections -c -MMD -MP -MF"src/main.d" -MT"src/main.o" -o "src/main.o" "../src/main.c"
../src/main.c: In function 'main':
../src/main.c:162:7: warning: variable 'btInputBuff' set but not used [-Wunused-but-set-variable]
  char btInputBuff[255];
       ^~~~~~~~~~~
Finished building: ../src/main.c
 
Building target: chw4_tlacitko.elf
Invoking: MCU GCC Linker
arm-none-eabi-gcc -mcpu=cortex-m4 -mthumb -mfloat-abi=hard -mfpu=fpv4-sp-d16 -T"D:/codes/CPL/workspace_CPL/chw4_tlacitko/LinkerScript.ld" -Wl,-Map=output.map -Wl,--gc-sections -o "chw4_tlacitko.elf" @"objects.list"   -lm
Finished building target: chw4_tlacitko.elf
 
make --no-print-directory post-build
Generating binary and Printing size information:
arm-none-eabi-objcopy -O binary "chw4_tlacitko.elf" "chw4_tlacitko.bin"
arm-none-eabi-size "chw4_tlacitko.elf"
   text	   data	    bss	    dec	    hex	filename
   4588	   1096	   1092	   6776	   1a78	chw4_tlacitko.elf
 
18:11:13 **** Incremental Build of configuration Debug for project chw4_tlacitko ****
make -j8 all 
make: Nothing to be done for 'all'.
18:22:12 **** Incremental Build of configuration Debug for project chw4_tlacitko ****
make -j8 all 
Building file: ../src/main.c
Invoking: MCU GCC Compiler
D:\codes\CPL\workspace_CPL\chw4_tlacitko\Debug
arm-none-eabi-gcc -mcpu=cortex-m4 -mthumb -mfloat-abi=hard -mfpu=fpv4-sp-d16 -DSTM32 -DSTM32F4 -DSTM32F446RETx -DNUCLEO_F446RE -DDEBUG -DSTM32F446xx -DUSE_STDPERIPH_DRIVER -I"D:/codes/CPL/workspace_CPL/chw4_tlacitko/StdPeriph_Driver/inc" -I"D:/codes/CPL/workspace_CPL/chw4_tlacitko/inc" -I"D:/codes/CPL/workspace_CPL/chw4_tlacitko/CMSIS/device" -I"D:/codes/CPL/workspace_CPL/chw4_tlacitko/CMSIS/core" -O0 -g3 -Wall -fmessage-length=0 -ffunction-sections -c -MMD -MP -MF"src/main.d" -MT"src/main.o" -o "src/main.o" "../src/main.c"
../src/main.c: In function 'main':
../src/main.c:162:7: warning: variable 'btInputBuff' set but not used [-Wunused-but-set-variable]
  char btInputBuff[255];
       ^~~~~~~~~~~
Finished building: ../src/main.c
 
Building target: chw4_tlacitko.elf
Invoking: MCU GCC Linker
arm-none-eabi-gcc -mcpu=cortex-m4 -mthumb -mfloat-abi=hard -mfpu=fpv4-sp-d16 -T"D:/codes/CPL/workspace_CPL/chw4_tlacitko/LinkerScript.ld" -Wl,-Map=output.map -Wl,--gc-sections -o "chw4_tlacitko.elf" @"objects.list"   -lm
Finished building target: chw4_tlacitko.elf
 
make --no-print-directory post-build
Generating binary and Printing size information:
arm-none-eabi-objcopy -O binary "chw4_tlacitko.elf" "chw4_tlacitko.bin"
arm-none-eabi-size "chw4_tlacitko.elf"
   text	   data	    bss	    dec	    hex	filename
   4644	   1096	   1092	   6832	   1ab0	chw4_tlacitko.elf
 
18:23:15 **** Incremental Build of configuration Debug for project chw4_tlacitko ****
make -j8 all 
Building file: ../src/main.c
Invoking: MCU GCC Compiler
D:\codes\CPL\workspace_CPL\chw4_tlacitko\Debug
arm-none-eabi-gcc -mcpu=cortex-m4 -mthumb -mfloat-abi=hard -mfpu=fpv4-sp-d16 -DSTM32 -DSTM32F4 -DSTM32F446RETx -DNUCLEO_F446RE -DDEBUG -DSTM32F446xx -DUSE_STDPERIPH_DRIVER -I"D:/codes/CPL/workspace_CPL/chw4_tlacitko/StdPeriph_Driver/inc" -I"D:/codes/CPL/workspace_CPL/chw4_tlacitko/inc" -I"D:/codes/CPL/workspace_CPL/chw4_tlacitko/CMSIS/device" -I"D:/codes/CPL/workspace_CPL/chw4_tlacitko/CMSIS/core" -O0 -g3 -Wall -fmessage-length=0 -ffunction-sections -c -MMD -MP -MF"src/main.d" -MT"src/main.o" -o "src/main.o" "../src/main.c"
../src/main.c: In function 'main':
../src/main.c:162:7: warning: variable 'btInputBuff' set but not used [-Wunused-but-set-variable]
  char btInputBuff[255];
       ^~~~~~~~~~~
Finished building: ../src/main.c
 
Building target: chw4_tlacitko.elf
Invoking: MCU GCC Linker
arm-none-eabi-gcc -mcpu=cortex-m4 -mthumb -mfloat-abi=hard -mfpu=fpv4-sp-d16 -T"D:/codes/CPL/workspace_CPL/chw4_tlacitko/LinkerScript.ld" -Wl,-Map=output.map -Wl,--gc-sections -o "chw4_tlacitko.elf" @"objects.list"   -lm
Finished building target: chw4_tlacitko.elf
 
make --no-print-directory post-build
Generating binary and Printing size information:
arm-none-eabi-objcopy -O binary "chw4_tlacitko.elf" "chw4_tlacitko.bin"
arm-none-eabi-size "chw4_tlacitko.elf"
   text	   data	    bss	    dec	    hex	filename
   4620	   1096	   1092	   6808	   1a98	chw4_tlacitko.elf
 
18:23:22 **** Incremental Build of configuration Debug for project chw4_tlacitko ****
make -j8 all 
make: Nothing to be done for 'all'.
18:24:01 **** Incremental Build of configuration Debug for project chw4_tlacitko ****
make -j8 all 
Building file: ../src/main.c
Invoking: MCU GCC Compiler
D:\codes\CPL\workspace_CPL\chw4_tlacitko\Debug
arm-none-eabi-gcc -mcpu=cortex-m4 -mthumb -mfloat-abi=hard -mfpu=fpv4-sp-d16 -DSTM32 -DSTM32F4 -DSTM32F446RETx -DNUCLEO_F446RE -DDEBUG -DSTM32F446xx -DUSE_STDPERIPH_DRIVER -I"D:/codes/CPL/workspace_CPL/chw4_tlacitko/StdPeriph_Driver/inc" -I"D:/codes/CPL/workspace_CPL/chw4_tlacitko/inc" -I"D:/codes/CPL/workspace_CPL/chw4_tlacitko/CMSIS/device" -I"D:/codes/CPL/workspace_CPL/chw4_tlacitko/CMSIS/core" -O0 -g3 -Wall -fmessage-length=0 -ffunction-sections -c -MMD -MP -MF"src/main.d" -MT"src/main.o" -o "src/main.o" "../src/main.c"
../src/main.c: In function 'main':
../src/main.c:162:7: warning: variable 'btInputBuff' set but not used [-Wunused-but-set-variable]
  char btInputBuff[255];
       ^~~~~~~~~~~
Finished building: ../src/main.c
 
Building target: chw4_tlacitko.elf
Invoking: MCU GCC Linker
arm-none-eabi-gcc -mcpu=cortex-m4 -mthumb -mfloat-abi=hard -mfpu=fpv4-sp-d16 -T"D:/codes/CPL/workspace_CPL/chw4_tlacitko/LinkerScript.ld" -Wl,-Map=output.map -Wl,--gc-sections -o "chw4_tlacitko.elf" @"objects.list"   -lm
Finished building target: chw4_tlacitko.elf
 
make --no-print-directory post-build
Generating binary and Printing size information:
arm-none-eabi-objcopy -O binary "chw4_tlacitko.elf" "chw4_tlacitko.bin"
arm-none-eabi-size "chw4_tlacitko.elf"
   text	   data	    bss	    dec	    hex	filename
   4588	   1096	   1092	   6776	   1a78	chw4_tlacitko.elf
 
18:25:36 **** Incremental Build of configuration Debug for project chw4_tlacitko ****
make -j8 all 
make: Nothing to be done for 'all'.
18:28:38 **** Incremental Build of configuration Debug for project chw4_tlacitko ****
make -j8 all 
Building file: ../src/main.c
Invoking: MCU GCC Compiler
D:\codes\CPL\workspace_CPL\chw4_tlacitko\Debug
arm-none-eabi-gcc -mcpu=cortex-m4 -mthumb -mfloat-abi=hard -mfpu=fpv4-sp-d16 -DSTM32 -DSTM32F4 -DSTM32F446RETx -DNUCLEO_F446RE -DDEBUG -DSTM32F446xx -DUSE_STDPERIPH_DRIVER -I"D:/codes/CPL/workspace_CPL/chw4_tlacitko/StdPeriph_Driver/inc" -I"D:/codes/CPL/workspace_CPL/chw4_tlacitko/inc" -I"D:/codes/CPL/workspace_CPL/chw4_tlacitko/CMSIS/device" -I"D:/codes/CPL/workspace_CPL/chw4_tlacitko/CMSIS/core" -O0 -g3 -Wall -fmessage-length=0 -ffunction-sections -c -MMD -MP -MF"src/main.d" -MT"src/main.o" -o "src/main.o" "../src/main.c"
../src/main.c: In function 'main':
../src/main.c:162:7: warning: variable 'btInputBuff' set but not used [-Wunused-but-set-variable]
  char btInputBuff[255];
       ^~~~~~~~~~~
Finished building: ../src/main.c
 
Building target: chw4_tlacitko.elf
Invoking: MCU GCC Linker
arm-none-eabi-gcc -mcpu=cortex-m4 -mthumb -mfloat-abi=hard -mfpu=fpv4-sp-d16 -T"D:/codes/CPL/workspace_CPL/chw4_tlacitko/LinkerScript.ld" -Wl,-Map=output.map -Wl,--gc-sections -o "chw4_tlacitko.elf" @"objects.list"   -lm
Finished building target: chw4_tlacitko.elf
 
make --no-print-directory post-build
Generating binary and Printing size information:
arm-none-eabi-objcopy -O binary "chw4_tlacitko.elf" "chw4_tlacitko.bin"
arm-none-eabi-size "chw4_tlacitko.elf"
   text	   data	    bss	    dec	    hex	filename
   4500	   1096	   1092	   6688	   1a20	chw4_tlacitko.elf
 
18:30:37 **** Incremental Build of configuration Debug for project chw4_tlacitko ****
make -j8 all 
Building file: ../src/main.c
Invoking: MCU GCC Compiler
D:\codes\CPL\workspace_CPL\chw4_tlacitko\Debug
arm-none-eabi-gcc -mcpu=cortex-m4 -mthumb -mfloat-abi=hard -mfpu=fpv4-sp-d16 -DSTM32 -DSTM32F4 -DSTM32F446RETx -DNUCLEO_F446RE -DDEBUG -DSTM32F446xx -DUSE_STDPERIPH_DRIVER -I"D:/codes/CPL/workspace_CPL/chw4_tlacitko/StdPeriph_Driver/inc" -I"D:/codes/CPL/workspace_CPL/chw4_tlacitko/inc" -I"D:/codes/CPL/workspace_CPL/chw4_tlacitko/CMSIS/device" -I"D:/codes/CPL/workspace_CPL/chw4_tlacitko/CMSIS/core" -O0 -g3 -Wall -fmessage-length=0 -ffunction-sections -c -MMD -MP -MF"src/main.d" -MT"src/main.o" -o "src/main.o" "../src/main.c"
../src/main.c: In function 'main':
../src/main.c:162:7: warning: variable 'btInputBuff' set but not used [-Wunused-but-set-variable]
  char btInputBuff[255];
       ^~~~~~~~~~~
Finished building: ../src/main.c
 
Building target: chw4_tlacitko.elf
Invoking: MCU GCC Linker
arm-none-eabi-gcc -mcpu=cortex-m4 -mthumb -mfloat-abi=hard -mfpu=fpv4-sp-d16 -T"D:/codes/CPL/workspace_CPL/chw4_tlacitko/LinkerScript.ld" -Wl,-Map=output.map -Wl,--gc-sections -o "chw4_tlacitko.elf" @"objects.list"   -lm
Finished building target: chw4_tlacitko.elf
 
make --no-print-directory post-build
Generating binary and Printing size information:
arm-none-eabi-objcopy -O binary "chw4_tlacitko.elf" "chw4_tlacitko.bin"
arm-none-eabi-size "chw4_tlacitko.elf"
   text	   data	    bss	    dec	    hex	filename
   4672	   1096	   1092	   6860	   1acc	chw4_tlacitko.elf
 
18:31:42 **** Incremental Build of configuration Debug for project chw4_tlacitko ****
make -j8 all 
Building file: ../src/main.c
Invoking: MCU GCC Compiler
D:\codes\CPL\workspace_CPL\chw4_tlacitko\Debug
arm-none-eabi-gcc -mcpu=cortex-m4 -mthumb -mfloat-abi=hard -mfpu=fpv4-sp-d16 -DSTM32 -DSTM32F4 -DSTM32F446RETx -DNUCLEO_F446RE -DDEBUG -DSTM32F446xx -DUSE_STDPERIPH_DRIVER -I"D:/codes/CPL/workspace_CPL/chw4_tlacitko/StdPeriph_Driver/inc" -I"D:/codes/CPL/workspace_CPL/chw4_tlacitko/inc" -I"D:/codes/CPL/workspace_CPL/chw4_tlacitko/CMSIS/device" -I"D:/codes/CPL/workspace_CPL/chw4_tlacitko/CMSIS/core" -O0 -g3 -Wall -fmessage-length=0 -ffunction-sections -c -MMD -MP -MF"src/main.d" -MT"src/main.o" -o "src/main.o" "../src/main.c"
../src/main.c: In function 'main':
../src/main.c:162:7: warning: variable 'btInputBuff' set but not used [-Wunused-but-set-variable]
  char btInputBuff[255];
       ^~~~~~~~~~~
Finished building: ../src/main.c
 
Building target: chw4_tlacitko.elf
Invoking: MCU GCC Linker
arm-none-eabi-gcc -mcpu=cortex-m4 -mthumb -mfloat-abi=hard -mfpu=fpv4-sp-d16 -T"D:/codes/CPL/workspace_CPL/chw4_tlacitko/LinkerScript.ld" -Wl,-Map=output.map -Wl,--gc-sections -o "chw4_tlacitko.elf" @"objects.list"   -lm
Finished building target: chw4_tlacitko.elf
 
make --no-print-directory post-build
Generating binary and Printing size information:
arm-none-eabi-objcopy -O binary "chw4_tlacitko.elf" "chw4_tlacitko.bin"
arm-none-eabi-size "chw4_tlacitko.elf"
   text	   data	    bss	    dec	    hex	filename
   4672	   1096	   1092	   6860	   1acc	chw4_tlacitko.elf
 
18:33:19 **** Incremental Build of configuration Debug for project chw4_tlacitko ****
make -j8 all 
Building file: ../src/main.c
Invoking: MCU GCC Compiler
D:\codes\CPL\workspace_CPL\chw4_tlacitko\Debug
arm-none-eabi-gcc -mcpu=cortex-m4 -mthumb -mfloat-abi=hard -mfpu=fpv4-sp-d16 -DSTM32 -DSTM32F4 -DSTM32F446RETx -DNUCLEO_F446RE -DDEBUG -DSTM32F446xx -DUSE_STDPERIPH_DRIVER -I"D:/codes/CPL/workspace_CPL/chw4_tlacitko/StdPeriph_Driver/inc" -I"D:/codes/CPL/workspace_CPL/chw4_tlacitko/inc" -I"D:/codes/CPL/workspace_CPL/chw4_tlacitko/CMSIS/device" -I"D:/codes/CPL/workspace_CPL/chw4_tlacitko/CMSIS/core" -O0 -g3 -Wall -fmessage-length=0 -ffunction-sections -c -MMD -MP -MF"src/main.d" -MT"src/main.o" -o "src/main.o" "../src/main.c"
../src/main.c: In function 'main':
../src/main.c:162:7: warning: variable 'btInputBuff' set but not used [-Wunused-but-set-variable]
  char btInputBuff[255];
       ^~~~~~~~~~~
Finished building: ../src/main.c
 
Building target: chw4_tlacitko.elf
Invoking: MCU GCC Linker
arm-none-eabi-gcc -mcpu=cortex-m4 -mthumb -mfloat-abi=hard -mfpu=fpv4-sp-d16 -T"D:/codes/CPL/workspace_CPL/chw4_tlacitko/LinkerScript.ld" -Wl,-Map=output.map -Wl,--gc-sections -o "chw4_tlacitko.elf" @"objects.list"   -lm
Finished building target: chw4_tlacitko.elf
 
make --no-print-directory post-build
Generating binary and Printing size information:
arm-none-eabi-objcopy -O binary "chw4_tlacitko.elf" "chw4_tlacitko.bin"
arm-none-eabi-size "chw4_tlacitko.elf"
   text	   data	    bss	    dec	    hex	filename
   4556	   1096	   1092	   6744	   1a58	chw4_tlacitko.elf
 
18:34:42 **** Incremental Build of configuration Debug for project chw4_tlacitko ****
make -j8 all 
Building file: ../src/main.c
Invoking: MCU GCC Compiler
D:\codes\CPL\workspace_CPL\chw4_tlacitko\Debug
arm-none-eabi-gcc -mcpu=cortex-m4 -mthumb -mfloat-abi=hard -mfpu=fpv4-sp-d16 -DSTM32 -DSTM32F4 -DSTM32F446RETx -DNUCLEO_F446RE -DDEBUG -DSTM32F446xx -DUSE_STDPERIPH_DRIVER -I"D:/codes/CPL/workspace_CPL/chw4_tlacitko/StdPeriph_Driver/inc" -I"D:/codes/CPL/workspace_CPL/chw4_tlacitko/inc" -I"D:/codes/CPL/workspace_CPL/chw4_tlacitko/CMSIS/device" -I"D:/codes/CPL/workspace_CPL/chw4_tlacitko/CMSIS/core" -O0 -g3 -Wall -fmessage-length=0 -ffunction-sections -c -MMD -MP -MF"src/main.d" -MT"src/main.o" -o "src/main.o" "../src/main.c"
../src/main.c: In function 'main':
../src/main.c:162:7: warning: variable 'btInputBuff' set but not used [-Wunused-but-set-variable]
  char btInputBuff[255];
       ^~~~~~~~~~~
Finished building: ../src/main.c
 
Building target: chw4_tlacitko.elf
Invoking: MCU GCC Linker
arm-none-eabi-gcc -mcpu=cortex-m4 -mthumb -mfloat-abi=hard -mfpu=fpv4-sp-d16 -T"D:/codes/CPL/workspace_CPL/chw4_tlacitko/LinkerScript.ld" -Wl,-Map=output.map -Wl,--gc-sections -o "chw4_tlacitko.elf" @"objects.list"   -lm
Finished building target: chw4_tlacitko.elf
 
make --no-print-directory post-build
Generating binary and Printing size information:
arm-none-eabi-objcopy -O binary "chw4_tlacitko.elf" "chw4_tlacitko.bin"
arm-none-eabi-size "chw4_tlacitko.elf"
   text	   data	    bss	    dec	    hex	filename
   4576	   1096	   1092	   6764	   1a6c	chw4_tlacitko.elf
 
18:35:12 **** Incremental Build of configuration Debug for project chw4_tlacitko ****
make -j8 all 
Building file: ../src/main.c
Invoking: MCU GCC Compiler
D:\codes\CPL\workspace_CPL\chw4_tlacitko\Debug
arm-none-eabi-gcc -mcpu=cortex-m4 -mthumb -mfloat-abi=hard -mfpu=fpv4-sp-d16 -DSTM32 -DSTM32F4 -DSTM32F446RETx -DNUCLEO_F446RE -DDEBUG -DSTM32F446xx -DUSE_STDPERIPH_DRIVER -I"D:/codes/CPL/workspace_CPL/chw4_tlacitko/StdPeriph_Driver/inc" -I"D:/codes/CPL/workspace_CPL/chw4_tlacitko/inc" -I"D:/codes/CPL/workspace_CPL/chw4_tlacitko/CMSIS/device" -I"D:/codes/CPL/workspace_CPL/chw4_tlacitko/CMSIS/core" -O0 -g3 -Wall -fmessage-length=0 -ffunction-sections -c -MMD -MP -MF"src/main.d" -MT"src/main.o" -o "src/main.o" "../src/main.c"
../src/main.c: In function 'main':
../src/main.c:162:7: warning: variable 'btInputBuff' set but not used [-Wunused-but-set-variable]
  char btInputBuff[255];
       ^~~~~~~~~~~
Finished building: ../src/main.c
 
Building target: chw4_tlacitko.elf
Invoking: MCU GCC Linker
[...]
arm-none-eabi-gcc -mcpu=cortex-m4 -mthumb -mfloat-abi=hard -mfpu=fpv4-sp-d16 -DSTM32 -DSTM32F4 -DSTM32F446RETx -DNUCLEO_F446RE -DDEBUG -DSTM32F446xx -DUSE_STDPERIPH_DRIVER -I"D:/codes/CPL/workspace_CPL/chw4_tlacitko/StdPeriph_Driver/inc" -I"D:/codes/CPL/workspace_CPL/chw4_tlacitko/inc" -I"D:/codes/CPL/workspace_CPL/chw4_tlacitko/CMSIS/device" -I"D:/codes/CPL/workspace_CPL/chw4_tlacitko/CMSIS/core" -O0 -g3 -Wall -fmessage-length=0 -ffunction-sections -c -MMD -MP -MF"src/main.d" -MT"src/main.o" -o "src/main.o" "../src/main.c"
Finished building: ../src/main.c
 
Building target: chw4_tlacitko.elf
Invoking: MCU GCC Linker
arm-none-eabi-gcc -mcpu=cortex-m4 -mthumb -mfloat-abi=hard -mfpu=fpv4-sp-d16 -T"D:/codes/CPL/workspace_CPL/chw4_tlacitko/LinkerScript.ld" -Wl,-Map=output.map -Wl,--gc-sections -o "chw4_tlacitko.elf" @"objects.list"   -lm
Finished building target: chw4_tlacitko.elf
 
make --no-print-directory post-build
Generating binary and Printing size information:
arm-none-eabi-objcopy -O binary "chw4_tlacitko.elf" "chw4_tlacitko.bin"
arm-none-eabi-size "chw4_tlacitko.elf"
   text	   data	    bss	    dec	    hex	filename
   4512	   1096	   1092	   6700	   1a2c	chw4_tlacitko.elf
 
23:37:47 **** Incremental Build of configuration Debug for project chw4_tlacitko ****
make -j8 all 
make: Nothing to be done for 'all'.
23:38:26 **** Incremental Build of configuration Debug for project chw4_tlacitko ****
make -j8 all 
Building file: ../src/main.c
Invoking: MCU GCC Compiler
D:\codes\CPL\workspace_CPL\chw4_tlacitko\Debug
arm-none-eabi-gcc -mcpu=cortex-m4 -mthumb -mfloat-abi=hard -mfpu=fpv4-sp-d16 -DSTM32 -DSTM32F4 -DSTM32F446RETx -DNUCLEO_F446RE -DDEBUG -DSTM32F446xx -DUSE_STDPERIPH_DRIVER -I"D:/codes/CPL/workspace_CPL/chw4_tlacitko/StdPeriph_Driver/inc" -I"D:/codes/CPL/workspace_CPL/chw4_tlacitko/inc" -I"D:/codes/CPL/workspace_CPL/chw4_tlacitko/CMSIS/device" -I"D:/codes/CPL/workspace_CPL/chw4_tlacitko/CMSIS/core" -O0 -g3 -Wall -fmessage-length=0 -ffunction-sections -c -MMD -MP -MF"src/main.d" -MT"src/main.o" -o "src/main.o" "../src/main.c"
Finished building: ../src/main.c
 
Building target: chw4_tlacitko.elf
Invoking: MCU GCC Linker
arm-none-eabi-gcc -mcpu=cortex-m4 -mthumb -mfloat-abi=hard -mfpu=fpv4-sp-d16 -T"D:/codes/CPL/workspace_CPL/chw4_tlacitko/LinkerScript.ld" -Wl,-Map=output.map -Wl,--gc-sections -o "chw4_tlacitko.elf" @"objects.list"   -lm
Finished building target: chw4_tlacitko.elf
 
make --no-print-directory post-build
Generating binary and Printing size information:
arm-none-eabi-objcopy -O binary "chw4_tlacitko.elf" "chw4_tlacitko.bin"
arm-none-eabi-size "chw4_tlacitko.elf"
   text	   data	    bss	    dec	    hex	filename
   4380	   1096	   1092	   6568	   19a8	chw4_tlacitko.elf
 
23:38:56 **** Incremental Build of configuration Debug for project chw4_tlacitko ****
make -j8 all 
Building file: ../src/main.c
Invoking: MCU GCC Compiler
D:\codes\CPL\workspace_CPL\chw4_tlacitko\Debug
arm-none-eabi-gcc -mcpu=cortex-m4 -mthumb -mfloat-abi=hard -mfpu=fpv4-sp-d16 -DSTM32 -DSTM32F4 -DSTM32F446RETx -DNUCLEO_F446RE -DDEBUG -DSTM32F446xx -DUSE_STDPERIPH_DRIVER -I"D:/codes/CPL/workspace_CPL/chw4_tlacitko/StdPeriph_Driver/inc" -I"D:/codes/CPL/workspace_CPL/chw4_tlacitko/inc" -I"D:/codes/CPL/workspace_CPL/chw4_tlacitko/CMSIS/device" -I"D:/codes/CPL/workspace_CPL/chw4_tlacitko/CMSIS/core" -O0 -g3 -Wall -fmessage-length=0 -ffunction-sections -c -MMD -MP -MF"src/main.d" -MT"src/main.o" -o "src/main.o" "../src/main.c"
Finished building: ../src/main.c
 
Building target: chw4_tlacitko.elf
Invoking: MCU GCC Linker
arm-none-eabi-gcc -mcpu=cortex-m4 -mthumb -mfloat-abi=hard -mfpu=fpv4-sp-d16 -T"D:/codes/CPL/workspace_CPL/chw4_tlacitko/LinkerScript.ld" -Wl,-Map=output.map -Wl,--gc-sections -o "chw4_tlacitko.elf" @"objects.list"   -lm
Finished building target: chw4_tlacitko.elf
 
make --no-print-directory post-build
Generating binary and Printing size information:
arm-none-eabi-objcopy -O binary "chw4_tlacitko.elf" "chw4_tlacitko.bin"
arm-none-eabi-size "chw4_tlacitko.elf"
   text	   data	    bss	    dec	    hex	filename
   4512	   1096	   1092	   6700	   1a2c	chw4_tlacitko.elf
 
23:41:05 **** Incremental Build of configuration Debug for project chw4_tlacitko ****
make -j8 all 
Building file: ../src/main.c
Invoking: MCU GCC Compiler
D:\codes\CPL\workspace_CPL\chw4_tlacitko\Debug
arm-none-eabi-gcc -mcpu=cortex-m4 -mthumb -mfloat-abi=hard -mfpu=fpv4-sp-d16 -DSTM32 -DSTM32F4 -DSTM32F446RETx -DNUCLEO_F446RE -DDEBUG -DSTM32F446xx -DUSE_STDPERIPH_DRIVER -I"D:/codes/CPL/workspace_CPL/chw4_tlacitko/StdPeriph_Driver/inc" -I"D:/codes/CPL/workspace_CPL/chw4_tlacitko/inc" -I"D:/codes/CPL/workspace_CPL/chw4_tlacitko/CMSIS/device" -I"D:/codes/CPL/workspace_CPL/chw4_tlacitko/CMSIS/core" -O0 -g3 -Wall -fmessage-length=0 -ffunction-sections -c -MMD -MP -MF"src/main.d" -MT"src/main.o" -o "src/main.o" "../src/main.c"
Finished building: ../src/main.c
 
Building target: chw4_tlacitko.elf
Invoking: MCU GCC Linker
arm-none-eabi-gcc -mcpu=cortex-m4 -mthumb -mfloat-abi=hard -mfpu=fpv4-sp-d16 -T"D:/codes/CPL/workspace_CPL/chw4_tlacitko/LinkerScript.ld" -Wl,-Map=output.map -Wl,--gc-sections -o "chw4_tlacitko.elf" @"objects.list"   -lm
Finished building target: chw4_tlacitko.elf
 
make --no-print-directory post-build
Generating binary and Printing size information:
arm-none-eabi-objcopy -O binary "chw4_tlacitko.elf" "chw4_tlacitko.bin"
arm-none-eabi-size "chw4_tlacitko.elf"
   text	   data	    bss	    dec	    hex	filename
   4448	   1096	   1092	   6636	   19ec	chw4_tlacitko.elf
 
23:42:00 **** Incremental Build of configuration Debug for project chw4_tlacitko ****
make -j8 all 
Building file: ../src/main.c
Invoking: MCU GCC Compiler
D:\codes\CPL\workspace_CPL\chw4_tlacitko\Debug
arm-none-eabi-gcc -mcpu=cortex-m4 -mthumb -mfloat-abi=hard -mfpu=fpv4-sp-d16 -DSTM32 -DSTM32F4 -DSTM32F446RETx -DNUCLEO_F446RE -DDEBUG -DSTM32F446xx -DUSE_STDPERIPH_DRIVER -I"D:/codes/CPL/workspace_CPL/chw4_tlacitko/StdPeriph_Driver/inc" -I"D:/codes/CPL/workspace_CPL/chw4_tlacitko/inc" -I"D:/codes/CPL/workspace_CPL/chw4_tlacitko/CMSIS/device" -I"D:/codes/CPL/workspace_CPL/chw4_tlacitko/CMSIS/core" -O0 -g3 -Wall -fmessage-length=0 -ffunction-sections -c -MMD -MP -MF"src/main.d" -MT"src/main.o" -o "src/main.o" "../src/main.c"
Finished building: ../src/main.c
 
Building target: chw4_tlacitko.elf
Invoking: MCU GCC Linker
arm-none-eabi-gcc -mcpu=cortex-m4 -mthumb -mfloat-abi=hard -mfpu=fpv4-sp-d16 -T"D:/codes/CPL/workspace_CPL/chw4_tlacitko/LinkerScript.ld" -Wl,-Map=output.map -Wl,--gc-sections -o "chw4_tlacitko.elf" @"objects.list"   -lm
Finished building target: chw4_tlacitko.elf
 
make --no-print-directory post-build
Generating binary and Printing size information:
arm-none-eabi-objcopy -O binary "chw4_tlacitko.elf" "chw4_tlacitko.bin"
arm-none-eabi-size "chw4_tlacitko.elf"
   text	   data	    bss	    dec	    hex	filename
   4452	   1096	   1092	   6640	   19f0	chw4_tlacitko.elf
 
23:42:54 **** Incremental Build of configuration Debug for project chw4_tlacitko ****
make -j8 all 
Building file: ../src/main.c
Invoking: MCU GCC Compiler
D:\codes\CPL\workspace_CPL\chw4_tlacitko\Debug
arm-none-eabi-gcc -mcpu=cortex-m4 -mthumb -mfloat-abi=hard -mfpu=fpv4-sp-d16 -DSTM32 -DSTM32F4 -DSTM32F446RETx -DNUCLEO_F446RE -DDEBUG -DSTM32F446xx -DUSE_STDPERIPH_DRIVER -I"D:/codes/CPL/workspace_CPL/chw4_tlacitko/StdPeriph_Driver/inc" -I"D:/codes/CPL/workspace_CPL/chw4_tlacitko/inc" -I"D:/codes/CPL/workspace_CPL/chw4_tlacitko/CMSIS/device" -I"D:/codes/CPL/workspace_CPL/chw4_tlacitko/CMSIS/core" -O0 -g3 -Wall -fmessage-length=0 -ffunction-sections -c -MMD -MP -MF"src/main.d" -MT"src/main.o" -o "src/main.o" "../src/main.c"
Finished building: ../src/main.c
 
Building target: chw4_tlacitko.elf
Invoking: MCU GCC Linker
arm-none-eabi-gcc -mcpu=cortex-m4 -mthumb -mfloat-abi=hard -mfpu=fpv4-sp-d16 -T"D:/codes/CPL/workspace_CPL/chw4_tlacitko/LinkerScript.ld" -Wl,-Map=output.map -Wl,--gc-sections -o "chw4_tlacitko.elf" @"objects.list"   -lm
Finished building target: chw4_tlacitko.elf
 
make --no-print-directory post-build
Generating binary and Printing size information:
arm-none-eabi-objcopy -O binary "chw4_tlacitko.elf" "chw4_tlacitko.bin"
arm-none-eabi-size "chw4_tlacitko.elf"
   text	   data	    bss	    dec	    hex	filename
   4448	   1096	   1092	   6636	   19ec	chw4_tlacitko.elf
 
23:43:05 **** Incremental Build of configuration Debug for project chw4_tlacitko ****
make -j8 all 
make: Nothing to be done for 'all'.
23:43:56 **** Incremental Build of configuration Debug for project chw4_tlacitko ****
make -j8 all 
Building file: ../src/main.c
Invoking: MCU GCC Compiler
D:\codes\CPL\workspace_CPL\chw4_tlacitko\Debug
arm-none-eabi-gcc -mcpu=cortex-m4 -mthumb -mfloat-abi=hard -mfpu=fpv4-sp-d16 -DSTM32 -DSTM32F4 -DSTM32F446RETx -DNUCLEO_F446RE -DDEBUG -DSTM32F446xx -DUSE_STDPERIPH_DRIVER -I"D:/codes/CPL/workspace_CPL/chw4_tlacitko/StdPeriph_Driver/inc" -I"D:/codes/CPL/workspace_CPL/chw4_tlacitko/inc" -I"D:/codes/CPL/workspace_CPL/chw4_tlacitko/CMSIS/device" -I"D:/codes/CPL/workspace_CPL/chw4_tlacitko/CMSIS/core" -O0 -g3 -Wall -fmessage-length=0 -ffunction-sections -c -MMD -MP -MF"src/main.d" -MT"src/main.o" -o "src/main.o" "../src/main.c"
Finished building: ../src/main.c
 
Building target: chw4_tlacitko.elf
Invoking: MCU GCC Linker
arm-none-eabi-gcc -mcpu=cortex-m4 -mthumb -mfloat-abi=hard -mfpu=fpv4-sp-d16 -T"D:/codes/CPL/workspace_CPL/chw4_tlacitko/LinkerScript.ld" -Wl,-Map=output.map -Wl,--gc-sections -o "chw4_tlacitko.elf" @"objects.list"   -lm
Finished building target: chw4_tlacitko.elf
 
make --no-print-directory post-build
Generating binary and Printing size information:
arm-none-eabi-objcopy -O binary "chw4_tlacitko.elf" "chw4_tlacitko.bin"
arm-none-eabi-size "chw4_tlacitko.elf"
   text	   data	    bss	    dec	    hex	filename
   4452	   1096	   1092	   6640	   19f0	chw4_tlacitko.elf
 
23:44:37 **** Incremental Build of configuration Debug for project chw4_tlacitko ****
make -j8 all 
Building file: ../src/main.c
Invoking: MCU GCC Compiler
D:\codes\CPL\workspace_CPL\chw4_tlacitko\Debug
arm-none-eabi-gcc -mcpu=cortex-m4 -mthumb -mfloat-abi=hard -mfpu=fpv4-sp-d16 -DSTM32 -DSTM32F4 -DSTM32F446RETx -DNUCLEO_F446RE -DDEBUG -DSTM32F446xx -DUSE_STDPERIPH_DRIVER -I"D:/codes/CPL/workspace_CPL/chw4_tlacitko/StdPeriph_Driver/inc" -I"D:/codes/CPL/workspace_CPL/chw4_tlacitko/inc" -I"D:/codes/CPL/workspace_CPL/chw4_tlacitko/CMSIS/device" -I"D:/codes/CPL/workspace_CPL/chw4_tlacitko/CMSIS/core" -O0 -g3 -Wall -fmessage-length=0 -ffunction-sections -c -MMD -MP -MF"src/main.d" -MT"src/main.o" -o "src/main.o" "../src/main.c"
Finished building: ../src/main.c
 
Building target: chw4_tlacitko.elf
Invoking: MCU GCC Linker
arm-none-eabi-gcc -mcpu=cortex-m4 -mthumb -mfloat-abi=hard -mfpu=fpv4-sp-d16 -T"D:/codes/CPL/workspace_CPL/chw4_tlacitko/LinkerScript.ld" -Wl,-Map=output.map -Wl,--gc-sections -o "chw4_tlacitko.elf" @"objects.list"   -lm
Finished building target: chw4_tlacitko.elf
 
make --no-print-directory post-build
Generating binary and Printing size information:
arm-none-eabi-objcopy -O binary "chw4_tlacitko.elf" "chw4_tlacitko.bin"
arm-none-eabi-size "chw4_tlacitko.elf"
   text	   data	    bss	    dec	    hex	filename
   4452	   1096	   1092	   6640	   19f0	chw4_tlacitko.elf
 
23:46:11 **** Incremental Build of configuration Debug for project chw4_tlacitko ****
make -j8 all 
Building file: ../src/main.c
Invoking: MCU GCC Compiler
D:\codes\CPL\workspace_CPL\chw4_tlacitko\Debug
arm-none-eabi-gcc -mcpu=cortex-m4 -mthumb -mfloat-abi=hard -mfpu=fpv4-sp-d16 -DSTM32 -DSTM32F4 -DSTM32F446RETx -DNUCLEO_F446RE -DDEBUG -DSTM32F446xx -DUSE_STDPERIPH_DRIVER -I"D:/codes/CPL/workspace_CPL/chw4_tlacitko/StdPeriph_Driver/inc" -I"D:/codes/CPL/workspace_CPL/chw4_tlacitko/inc" -I"D:/codes/CPL/workspace_CPL/chw4_tlacitko/CMSIS/device" -I"D:/codes/CPL/workspace_CPL/chw4_tlacitko/CMSIS/core" -O0 -g3 -Wall -fmessage-length=0 -ffunction-sections -c -MMD -MP -MF"src/main.d" -MT"src/main.o" -o "src/main.o" "../src/main.c"
Finished building: ../src/main.c
 
Building target: chw4_tlacitko.elf
Invoking: MCU GCC Linker
arm-none-eabi-gcc -mcpu=cortex-m4 -mthumb -mfloat-abi=hard -mfpu=fpv4-sp-d16 -T"D:/codes/CPL/workspace_CPL/chw4_tlacitko/LinkerScript.ld" -Wl,-Map=output.map -Wl,--gc-sections -o "chw4_tlacitko.elf" @"objects.list"   -lm
Finished building target: chw4_tlacitko.elf
 
make --no-print-directory post-build
Generating binary and Printing size information:
arm-none-eabi-objcopy -O binary "chw4_tlacitko.elf" "chw4_tlacitko.bin"
arm-none-eabi-size "chw4_tlacitko.elf"
   text	   data	    bss	    dec	    hex	filename
   4444	   1096	   1092	   6632	   19e8	chw4_tlacitko.elf
 
23:46:58 **** Incremental Build of configuration Debug for project chw4_tlacitko ****
make -j8 all 
Building file: ../src/main.c
Invoking: MCU GCC Compiler
D:\codes\CPL\workspace_CPL\chw4_tlacitko\Debug
arm-none-eabi-gcc -mcpu=cortex-m4 -mthumb -mfloat-abi=hard -mfpu=fpv4-sp-d16 -DSTM32 -DSTM32F4 -DSTM32F446RETx -DNUCLEO_F446RE -DDEBUG -DSTM32F446xx -DUSE_STDPERIPH_DRIVER -I"D:/codes/CPL/workspace_CPL/chw4_tlacitko/StdPeriph_Driver/inc" -I"D:/codes/CPL/workspace_CPL/chw4_tlacitko/inc" -I"D:/codes/CPL/workspace_CPL/chw4_tlacitko/CMSIS/device" -I"D:/codes/CPL/workspace_CPL/chw4_tlacitko/CMSIS/core" -O0 -g3 -Wall -fmessage-length=0 -ffunction-sections -c -MMD -MP -MF"src/main.d" -MT"src/main.o" -o "src/main.o" "../src/main.c"
Finished building: ../src/main.c
 
Building target: chw4_tlacitko.elf
Invoking: MCU GCC Linker
arm-none-eabi-gcc -mcpu=cortex-m4 -mthumb -mfloat-abi=hard -mfpu=fpv4-sp-d16 -T"D:/codes/CPL/workspace_CPL/chw4_tlacitko/LinkerScript.ld" -Wl,-Map=output.map -Wl,--gc-sections -o "chw4_tlacitko.elf" @"objects.list"   -lm
Finished building target: chw4_tlacitko.elf
 
make --no-print-directory post-build
Generating binary and Printing size information:
arm-none-eabi-objcopy -O binary "chw4_tlacitko.elf" "chw4_tlacitko.bin"
arm-none-eabi-size "chw4_tlacitko.elf"
   text	   data	    bss	    dec	    hex	filename
   4444	   1096	   1092	   6632	   19e8	chw4_tlacitko.elf
 
23:48:14 **** Incremental Build of configuration Debug for project chw4_tlacitko ****
make -j8 all 
Building file: ../src/main.c
Invoking: MCU GCC Compiler
D:\codes\CPL\workspace_CPL\chw4_tlacitko\Debug
arm-none-eabi-gcc -mcpu=cortex-m4 -mthumb -mfloat-abi=hard -mfpu=fpv4-sp-d16 -DSTM32 -DSTM32F4 -DSTM32F446RETx -DNUCLEO_F446RE -DDEBUG -DSTM32F446xx -DUSE_STDPERIPH_DRIVER -I"D:/codes/CPL/workspace_CPL/chw4_tlacitko/StdPeriph_Driver/inc" -I"D:/codes/CPL/workspace_CPL/chw4_tlacitko/inc" -I"D:/codes/CPL/workspace_CPL/chw4_tlacitko/CMSIS/device" -I"D:/codes/CPL/workspace_CPL/chw4_tlacitko/CMSIS/core" -O0 -g3 -Wall -fmessage-length=0 -ffunction-sections -c -MMD -MP -MF"src/main.d" -MT"src/main.o" -o "src/main.o" "../src/main.c"
Finished building: ../src/main.c
 
Building target: chw4_tlacitko.elf
Invoking: MCU GCC Linker
arm-none-eabi-gcc -mcpu=cortex-m4 -mthumb -mfloat-abi=hard -mfpu=fpv4-sp-d16 -T"D:/codes/CPL/workspace_CPL/chw4_tlacitko/LinkerScript.ld" -Wl,-Map=output.map -Wl,--gc-sections -o "chw4_tlacitko.elf" @"objects.list"   -lm
Finished building target: chw4_tlacitko.elf
 
make --no-print-directory post-build
Generating binary and Printing size information:
arm-none-eabi-objcopy -O binary "chw4_tlacitko.elf" "chw4_tlacitko.bin"
arm-none-eabi-size "chw4_tlacitko.elf"
   text	   data	    bss	    dec	    hex	filename
   4452	   1096	   1092	   6640	   19f0	chw4_tlacitko.elf
 
23:48:57 **** Incremental Build of configuration Debug for project chw4_tlacitko ****
make -j8 all 
Building file: ../src/main.c
Invoking: MCU GCC Compiler
D:\codes\CPL\workspace_CPL\chw4_tlacitko\Debug
arm-none-eabi-gcc -mcpu=cortex-m4 -mthumb -mfloat-abi=hard -mfpu=fpv4-sp-d16 -DSTM32 -DSTM32F4 -DSTM32F446RETx -DNUCLEO_F446RE -DDEBUG -DSTM32F446xx -DUSE_STDPERIPH_DRIVER -I"D:/codes/CPL/workspace_CPL/chw4_tlacitko/StdPeriph_Driver/inc" -I"D:/codes/CPL/workspace_CPL/chw4_tlacitko/inc" -I"D:/codes/CPL/workspace_CPL/chw4_tlacitko/CMSIS/device" -I"D:/codes/CPL/workspace_CPL/chw4_tlacitko/CMSIS/core" -O0 -g3 -Wall -fmessage-length=0 -ffunction-sections -c -MMD -MP -MF"src/main.d" -MT"src/main.o" -o "src/main.o" "../src/main.c"
Finished building: ../src/main.c
 
Building target: chw4_tlacitko.elf
Invoking: MCU GCC Linker
arm-none-eabi-gcc -mcpu=cortex-m4 -mthumb -mfloat-abi=hard -mfpu=fpv4-sp-d16 -T"D:/codes/CPL/workspace_CPL/chw4_tlacitko/LinkerScript.ld" -Wl,-Map=output.map -Wl,--gc-sections -o "chw4_tlacitko.elf" @"objects.list"   -lm
Finished building target: chw4_tlacitko.elf
 
make --no-print-directory post-build
Generating binary and Printing size information:
arm-none-eabi-objcopy -O binary "chw4_tlacitko.elf" "chw4_tlacitko.bin"
arm-none-eabi-size "chw4_tlacitko.elf"
   text	   data	    bss	    dec	    hex	filename
   4444	   1096	   1092	   6632	   19e8	chw4_tlacitko.elf
 
23:50:00 **** Incremental Build of configuration Debug for project chw4_tlacitko ****
make -j8 all 
Building file: ../src/main.c
Invoking: MCU GCC Compiler
D:\codes\CPL\workspace_CPL\chw4_tlacitko\Debug
arm-none-eabi-gcc -mcpu=cortex-m4 -mthumb -mfloat-abi=hard -mfpu=fpv4-sp-d16 -DSTM32 -DSTM32F4 -DSTM32F446RETx -DNUCLEO_F446RE -DDEBUG -DSTM32F446xx -DUSE_STDPERIPH_DRIVER -I"D:/codes/CPL/workspace_CPL/chw4_tlacitko/StdPeriph_Driver/inc" -I"D:/codes/CPL/workspace_CPL/chw4_tlacitko/inc" -I"D:/codes/CPL/workspace_CPL/chw4_tlacitko/CMSIS/device" -I"D:/codes/CPL/workspace_CPL/chw4_tlacitko/CMSIS/core" -O0 -g3 -Wall -fmessage-length=0 -ffunction-sections -c -MMD -MP -MF"src/main.d" -MT"src/main.o" -o "src/main.o" "../src/main.c"
Finished building: ../src/main.c
 
Building target: chw4_tlacitko.elf
Invoking: MCU GCC Linker
arm-none-eabi-gcc -mcpu=cortex-m4 -mthumb -mfloat-abi=hard -mfpu=fpv4-sp-d16 -T"D:/codes/CPL/workspace_CPL/chw4_tlacitko/LinkerScript.ld" -Wl,-Map=output.map -Wl,--gc-sections -o "chw4_tlacitko.elf" @"objects.list"   -lm
Finished building target: chw4_tlacitko.elf
 
make --no-print-directory post-build
Generating binary and Printing size information:
arm-none-eabi-objcopy -O binary "chw4_tlacitko.elf" "chw4_tlacitko.bin"
arm-none-eabi-size "chw4_tlacitko.elf"
   text	   data	    bss	    dec	    hex	filename
   4440	   1096	   1092	   6628	   19e4	chw4_tlacitko.elf
 
23:51:25 **** Incremental Build of configuration Debug for project chw4_tlacitko ****
make -j8 all 
Building file: ../src/main.c
Invoking: MCU GCC Compiler
D:\codes\CPL\workspace_CPL\chw4_tlacitko\Debug
arm-none-eabi-gcc -mcpu=cortex-m4 -mthumb -mfloat-abi=hard -mfpu=fpv4-sp-d16 -DSTM32 -DSTM32F4 -DSTM32F446RETx -DNUCLEO_F446RE -DDEBUG -DSTM32F446xx -DUSE_STDPERIPH_DRIVER -I"D:/codes/CPL/workspace_CPL/chw4_tlacitko/StdPeriph_Driver/inc" -I"D:/codes/CPL/workspace_CPL/chw4_tlacitko/inc" -I"D:/codes/CPL/workspace_CPL/chw4_tlacitko/CMSIS/device" -I"D:/codes/CPL/workspace_CPL/chw4_tlacitko/CMSIS/core" -O0 -g3 -Wall -fmessage-length=0 -ffunction-sections -c -MMD -MP -MF"src/main.d" -MT"src/main.o" -o "src/main.o" "../src/main.c"
Finished building: ../src/main.c
 
Building target: chw4_tlacitko.elf
Invoking: MCU GCC Linker
arm-none-eabi-gcc -mcpu=cortex-m4 -mthumb -mfloat-abi=hard -mfpu=fpv4-sp-d16 -T"D:/codes/CPL/workspace_CPL/chw4_tlacitko/LinkerScript.ld" -Wl,-Map=output.map -Wl,--gc-sections -o "chw4_tlacitko.elf" @"objects.list"   -lm
Finished building target: chw4_tlacitko.elf
 
make --no-print-directory post-build
Generating binary and Printing size information:
arm-none-eabi-objcopy -O binary "chw4_tlacitko.elf" "chw4_tlacitko.bin"
arm-none-eabi-size "chw4_tlacitko.elf"
   text	   data	    bss	    dec	    hex	filename
   4444	   1096	   1092	   6632	   19e8	chw4_tlacitko.elf
 
23:51:52 **** Incremental Build of configuration Debug for project chw4_tlacitko ****
make -j8 all 
make: Nothing to be done for 'all'.
23:52:47 **** Incremental Build of configuration Debug for project chw4_tlacitko ****
make -j8 all 
make: Nothing to be done for 'all'.
