<html>
<body>
<pre>
<h1>µVision Build Log</h1>
<h2>Project:</h2>
C:\skola\0MGR\3.semestr\DISCOVERY\DISCOVERY\ASM\USART\USART1.uvproj
Project File Date:  12/20/2010

<h2>Output:</h2>
Build target 'Target 1'
assembling STM32F10x.s...
assembling UART1.asm...
linking...
Program Size: Code=476 RO-data=236 RW-data=0 ZI-data=512  
FromELF: creating hex file...
"USART1.axf" - 0 Error(s), 0 Warning(s).
Build target 'STM32F1xx'
assembling STM32F10x.s...
assembling UART1.asm...
linking...
Program Size: Code=476 RO-data=236 RW-data=0 ZI-data=512  
FromELF: creating hex file...
"USART1.axf" - 0 Error(s), 0 Warning(s).
Build target 'STM32F1xx'
assembling STM32F10x.s...
assembling UART1.asm...
linking...
Program Size: Code=432 RO-data=236 RW-data=0 ZI-data=512  
FromELF: creating hex file...
"USART1.axf" - 0 Error(s), 0 Warning(s).
Build target 'STM32F1xx'
assembling STM32F10x.s...
assembling UART1.asm...
linking...
Program Size: Code=432 RO-data=236 RW-data=0 ZI-data=512  
FromELF: creating hex file...
"USART1.axf" - 0 Error(s), 0 Warning(s).
Build target 'STM32F1xx'
assembling STM32F10x.s...
assembling UART1.asm...
UART1.asm(232): warning: A1581W: Added 2 bytes of padding at address 0x142
UART1.asm:   232 00000144     END
UART1.asm: 0 Errors, 1 Warning
linking...
Program Size: Code=432 RO-data=236 RW-data=0 ZI-data=512  
FromELF: creating hex file...
"USART1.axf" - 0 Error(s), 1 Warning(s).
Build target 'STM32F1xx'
assembling STM32F10x.s...
assembling UART1.asm...
UART1.asm(51): warning: A1581W: Added 1 bytes of padding at address 0x39
UART1.asm:    51 0000003a     BL  RCC_CNF    ; skok na podprogram nastaveni hodin
UART1.asm(232): warning: A1581W: Added 2 bytes of padding at address 0x142
UART1.asm:   232 00000144     END
UART1.asm: 0 Errors, 2 Warnings
linking...
Program Size: Code=432 RO-data=236 RW-data=0 ZI-data=512  
FromELF: creating hex file...
"USART1.axf" - 0 Error(s), 2 Warning(s).
Build target 'STM32F1xx'
assembling STM32F10x.s...
assembling UART1.asm...
UART1.asm(232): warning: A1581W: Added 2 bytes of padding at address 0x142
UART1.asm:   232 00000144     END
UART1.asm: 0 Errors, 1 Warning
linking...
Program Size: Code=432 RO-data=236 RW-data=0 ZI-data=512  
FromELF: creating hex file...
"USART1.axf" - 0 Error(s), 1 Warning(s).
Build target 'STM32F1xx'
assembling STM32F10x.s...
assembling UART1.asm...
UART1.asm(232): warning: A1581W: Added 2 bytes of padding at address 0x142
UART1.asm:   232 00000144     END
UART1.asm: 0 Errors, 1 Warning
linking...
Program Size: Code=432 RO-data=236 RW-data=0 ZI-data=512  
FromELF: creating hex file...
"USART1.axf" - 0 Error(s), 1 Warning(s).
Build target 'STM32F1xx'
assembling STM32F10x.s...
assembling UART1.asm...
UART1.asm(51): warning: A1581W: Added 1 bytes of padding at address 0x39
UART1.asm:    51 0000003a     BL  RCC_CNF    ; skok na podprogram nastaveni hodin
UART1.asm(232): warning: A1581W: Added 2 bytes of padding at address 0x142
UART1.asm:   232 00000144     END
UART1.asm: 0 Errors, 2 Warnings
linking...
Program Size: Code=432 RO-data=236 RW-data=0 ZI-data=512  
FromELF: creating hex file...
"USART1.axf" - 0 Error(s), 2 Warning(s).
Build target 'STM32F1xx'
assembling STM32F10x.s...
assembling UART1.asm...
linking...
Program Size: Code=428 RO-data=236 RW-data=0 ZI-data=512  
FromELF: creating hex file...
"USART1.axf" - 0 Error(s), 0 Warning(s).
Build target 'STM32F1xx'
assembling STM32F10x.s...
assembling UART1.asm...
linking...
Program Size: Code=428 RO-data=236 RW-data=0 ZI-data=512  
FromELF: creating hex file...
"USART1.axf" - 0 Error(s), 0 Warning(s).
Build target 'STM32F1xx'
assembling STM32F10x.s...
assembling UART1.asm...
linking...
Program Size: Code=428 RO-data=236 RW-data=0 ZI-data=512  
FromELF: creating hex file...
"USART1.axf" - 0 Error(s), 0 Warning(s).
Build target 'STM32F1xx'
assembling STM32F10x.s...
assembling UART1.asm...
linking...
Program Size: Code=428 RO-data=236 RW-data=0 ZI-data=512  
FromELF: creating hex file...
"USART1.axf" - 0 Error(s), 0 Warning(s).
